 viptrafficof_win_sfun

 Timestamp is 5167937a (Fri Apr 12 12:54:18 2013)

 Preferred load address is 0000000180000000

 Start         Length     Name                   Class
 0001:00000000 0003d2fcH .text                   CODE
 0001:0003d300 0000005eH .text$00                CODE
 0001:0003d360 00000091H .text$x                 CODE
 0002:00000000 00000478H .idata$5                DATA
 0002:00000478 00000008H .CRT$XCA                DATA
 0002:00000480 00000008H .CRT$XCZ                DATA
 0002:00000488 00000008H .CRT$XIA                DATA
 0002:00000490 00000008H .CRT$XIAA               DATA
 0002:00000498 00000008H .CRT$XIZ                DATA
 0002:000004a0 00004bbcH .rdata                  DATA
 0002:00005060 00000008H .rtc$IAA                DATA
 0002:00005068 00000008H .rtc$IZZ                DATA
 0002:00005070 00000008H .rtc$TAA                DATA
 0002:00005078 00000008H .rtc$TZZ                DATA
 0002:00005080 0000414cH .xdata                  DATA
 0002:000091cc 000000a0H .idata$2                DATA
 0002:0000926c 00000014H .idata$3                DATA
 0002:00009280 00000478H .idata$4                DATA
 0002:000096f8 00000a62H .idata$6                DATA
 0002:0000a160 0000005bH .edata                  DATA
 0003:00000000 00002608H .data                   DATA
 0003:00002620 000026b8H .bss                    DATA
 0004:00000000 000033f0H .pdata                  DATA

  Address         Publics by Value              Rva+Base               Lib:Object

 0000:00000000       ___safe_se_handler_count   0000000000000000     <absolute>
 0000:00000000       ___safe_se_handler_table   0000000000000000     <absolute>
 0000:00000000       __ImageBase                0000000180000000     <linker-defined>
 0001:00000000       sf_c1_viptrafficof_win_get_eml_resolved_functions_info 0000000180001000 f   c1_viptrafficof_win.obj
 0001:00000080       sf_c1_viptrafficof_win_get_check_sum 0000000180001080 f   c1_viptrafficof_win.obj
 0001:00000100       sf_c1_viptrafficof_win_get_autoinheritance_info 0000000180001100 f   c1_viptrafficof_win.obj
 0001:000006c0       sf_internal_get_sim_state_c1_viptrafficof_win 00000001800016c0 f   c1_viptrafficof_win.obj
 0001:00001070       sf_internal_set_sim_state_c1_viptrafficof_win 0000000180002070 f   c1_viptrafficof_win.obj
 0001:00001ef0       c1_viptrafficof_win_method_dispatcher 0000000180002ef0 f   c1_viptrafficof_win.obj
 0001:000030c0       sf_c2_viptrafficof_win_get_eml_resolved_functions_info 00000001800040c0 f   c2_viptrafficof_win.obj
 0001:00003140       sf_c2_viptrafficof_win_get_check_sum 0000000180004140 f   c2_viptrafficof_win.obj
 0001:000031c0       sf_c2_viptrafficof_win_get_autoinheritance_info 00000001800041c0 f   c2_viptrafficof_win.obj
 0001:00003770       sf_internal_get_sim_state_c2_viptrafficof_win 0000000180004770 f   c2_viptrafficof_win.obj
 0001:00003bc0       sf_internal_set_sim_state_c2_viptrafficof_win 0000000180004bc0 f   c2_viptrafficof_win.obj
 0001:000042e0       c2_viptrafficof_win_method_dispatcher 00000001800052e0 f   c2_viptrafficof_win.obj
 0001:00007ec0       sf_c3_viptrafficof_win_get_eml_resolved_functions_info 0000000180008ec0 f   c3_viptrafficof_win.obj
 0001:00007f40       sf_c3_viptrafficof_win_get_check_sum 0000000180008f40 f   c3_viptrafficof_win.obj
 0001:00007fc0       sf_c3_viptrafficof_win_get_autoinheritance_info 0000000180008fc0 f   c3_viptrafficof_win.obj
 0001:00008570       sf_internal_get_sim_state_c3_viptrafficof_win 0000000180009570 f   c3_viptrafficof_win.obj
 0001:00008930       sf_internal_set_sim_state_c3_viptrafficof_win 0000000180009930 f   c3_viptrafficof_win.obj
 0001:00008e20       c3_viptrafficof_win_method_dispatcher 0000000180009e20 f   c3_viptrafficof_win.obj
 0001:0000b1b0       sf_process_check_sum_call  000000018000c1b0 f   viptrafficof_win_sfun_registry.obj
 0001:0000b200       sf_process_autoinheritance_call 000000018000c200 f   viptrafficof_win_sfun_registry.obj
 0001:0000b3a0       sf_process_get_eml_resolved_functions_info_call 000000018000c3a0 f   viptrafficof_win_sfun_registry.obj
 0001:0000b520       sf_mex_unlock_call         000000018000c520 f   viptrafficof_win_sfun_registry.obj
 0001:0000b5d0       sf_machine_global_initializer_called 000000018000c5d0 f   viptrafficof_win_sfun_registry.obj
 0001:0000b600       sf_machine_global_method_dispatcher 000000018000c600 f   viptrafficof_win_sfun_registry.obj
 0001:0000b660       sf_machine_global_terminator 000000018000c660 f   viptrafficof_win_sfun_registry.obj
 0001:0000b6a0       sf_register_machine_exported_symbols 000000018000c6a0 f   viptrafficof_win_sfun_registry.obj
 0001:0000b6c0       callCustomFcn              000000018000c6c0 f   viptrafficof_win_sfun_registry.obj
 0001:0000b6d0       sf_machine_global_initializer 000000018000c6d0 f   viptrafficof_win_sfun_registry.obj
 0001:0000b740       _ssSetStateAbsTol          000000018000c740 f   viptrafficof_win_sfun_registry.obj
 0001:0000b820       _ssGetAbsTol               000000018000c820 f   viptrafficof_win_sfun_registry.obj
 0001:0000b890       _ssSetInputPortMatrixDimensions 000000018000c890 f   viptrafficof_win_sfun_registry.obj
 0001:0000b9a0       _ssSetOutputPortMatrixDimensions 000000018000c9a0 f   viptrafficof_win_sfun_registry.obj
 0001:0000bab0       _ssSetInputPortVectorDimension 000000018000cab0 f   viptrafficof_win_sfun_registry.obj
 0001:0000bb70       _ssSetOutputPortVectorDimension 000000018000cb70 f   viptrafficof_win_sfun_registry.obj
 0001:0000bc30       ssIsRunTimeParamTunable    000000018000cc30 f   viptrafficof_win_sfun_registry.obj
 0001:0000bca0       ssGetSFuncBlockHandle      000000018000cca0 f   viptrafficof_win_sfun_registry.obj
 0001:0000bd10       _ssGetCurrentInputPortWidth 000000018000cd10 f   viptrafficof_win_sfun_registry.obj
 0001:0000be30       _ssGetCurrentOutputPortWidth 000000018000ce30 f   viptrafficof_win_sfun_registry.obj
 0001:0000bf50       _ssGetCallSystemNumFcnCallDestinations 000000018000cf50 f   viptrafficof_win_sfun_registry.obj
 0001:0000bfc0       ssWarning                  000000018000cfc0 f   viptrafficof_win_sfun_registry.obj
 0001:0000c0a0       ssGetIsZeroCrossControlDisabled 000000018000d0a0 f   viptrafficof_win_sfun_registry.obj
 0001:0000c110       ssSetIsInputPortUsedForContZcSignal 000000018000d110 f   viptrafficof_win_sfun_registry.obj
 0001:0000c180       ssSetZcSignalIsZcElementDisc 000000018000d180 f   viptrafficof_win_sfun_registry.obj
 0001:0000c210       ssSetZcSignalName          000000018000d210 f   viptrafficof_win_sfun_registry.obj
 0001:0000c280       ssSetZcSignalWidth         000000018000d280 f   viptrafficof_win_sfun_registry.obj
 0001:0000c2f0       ssSetZcSignalZcEventType   000000018000d2f0 f   viptrafficof_win_sfun_registry.obj
 0001:0000c360       ssSetZcSignalType          000000018000d360 f   viptrafficof_win_sfun_registry.obj
 0001:0000c3d0       ssSetZcSignalZcTol         000000018000d3d0 f   viptrafficof_win_sfun_registry.obj
 0001:0000c440       ssSetZcSignalNeedsEventNotification 000000018000d440 f   viptrafficof_win_sfun_registry.obj
 0001:0000c4b0       ssCreateAndAddZcSignalInfo 000000018000d4b0 f   viptrafficof_win_sfun_registry.obj
 0001:0000c520       ssCloneAndAddZcSignalInfo  000000018000d520 f   viptrafficof_win_sfun_registry.obj
 0001:0000c590       ssGetNumZcSignals          000000018000d590 f   viptrafficof_win_sfun_registry.obj
 0001:0000c600       ssGetZcSignalVector        000000018000d600 f   viptrafficof_win_sfun_registry.obj
 0001:0000c670       ssGetZcSignalZcEvents      000000018000d670 f   viptrafficof_win_sfun_registry.obj
 0001:0000c6e0       ssGetZcSignalName          000000018000d6e0 f   viptrafficof_win_sfun_registry.obj
 0001:0000c750       ssGetZcSignalWidth         000000018000d750 f   viptrafficof_win_sfun_registry.obj
 0001:0000c7c0       ssGetZcSignalZcEventType   000000018000d7c0 f   viptrafficof_win_sfun_registry.obj
 0001:0000c830       ssGetZcSignalType          000000018000d830 f   viptrafficof_win_sfun_registry.obj
 0001:0000c8a0       ssGetZcSignalZcTol         000000018000d8a0 f   viptrafficof_win_sfun_registry.obj
 0001:0000c920       ssGetZcSignalNeedsEventNotification 000000018000d920 f   viptrafficof_win_sfun_registry.obj
 0001:0000c990       ssGetZcSignalIsZcElementDisc 000000018000d990 f   viptrafficof_win_sfun_registry.obj
 0001:0000ca10       ssGetIsInputPortElementContinuous 000000018000da10 f   viptrafficof_win_sfun_registry.obj
 0001:0000ca90       _ssGetInputPortSignalPtrsFcn 000000018000da90 f   viptrafficof_win_sfun_registry.obj
 0001:0000cd00       _ssGetInputPortSignalFcn   000000018000dd00 f   viptrafficof_win_sfun_registry.obj
 0001:0000ced0       _ssSetInputPortDirectFeedThroughFcn 000000018000ded0 f   viptrafficof_win_sfun_registry.obj
 0001:0000d020       _ssSetInputPortReusableFcn 000000018000e020 f   viptrafficof_win_sfun_registry.obj
 0001:0000d110       _ssSetOutputPortReusableFcn 000000018000e110 f   viptrafficof_win_sfun_registry.obj
 0001:0000d1f0       ssGetDTypeIdFromMxArray    000000018000e1f0 f   viptrafficof_win_sfun_registry.obj
 0001:0000d310       ssWriteRTWStr              000000018000e310 f   viptrafficof_win_sfun_registry.obj
 0001:0000d370       ssWriteRTWMxVectParam      000000018000e370 f   viptrafficof_win_sfun_registry.obj
 0001:0000d3d0       ssWriteRTWMx2dMatParam     000000018000e3d0 f   viptrafficof_win_sfun_registry.obj
 0001:0000d450       ssWriteRTWNameValuePair    000000018000e450 f   viptrafficof_win_sfun_registry.obj
 0001:0000d930       ssWriteRTWParameters       000000018000e930 f   viptrafficof_win_sfun_registry.obj
 0001:0000df30       ssWriteRTWParamSettings    000000018000ef30 f   viptrafficof_win_sfun_registry.obj
 0001:0000e600       ssWriteRTWWorkVect         000000018000f600 f   viptrafficof_win_sfun_registry.obj
 0001:0000eb00       mexFunction                000000018000fb00 f   viptrafficof_win_sfun_registry.obj
 0001:00010790       ProcessMexSfunctionEveryCall 0000000180011790 f   viptrafficof_win_sfun_registry.obj
 0001:00010900       viptrafficof_win_initializer 0000000180011900 f   viptrafficof_win_sfun.obj
 0001:00010910       viptrafficof_win_terminator 0000000180011910 f   viptrafficof_win_sfun.obj
 0001:00010920       sf_viptrafficof_win_method_dispatcher 0000000180011920 f   viptrafficof_win_sfun.obj
 0001:000109b0       sf_viptrafficof_win_process_check_sum_call 00000001800119b0 f   viptrafficof_win_sfun.obj
 0001:00010df0       sf_viptrafficof_win_autoinheritance_info 0000000180011df0 f   viptrafficof_win_sfun.obj
 0001:00011010       sf_viptrafficof_win_get_eml_resolved_functions_info 0000000180012010 f   viptrafficof_win_sfun.obj
 0001:000111d0       viptrafficof_win_debug_initialize 00000001800121d0 f   viptrafficof_win_sfun.obj
 0001:00011240       viptrafficof_win_register_exported_symbols 0000000180012240 f   viptrafficof_win_sfun.obj
 0001:00011250       load_viptrafficof_win_optimization_info 0000000180012250 f   viptrafficof_win_sfun.obj
 0001:000112a0       unload_viptrafficof_win_optimization_info 00000001800122a0 f   viptrafficof_win_sfun.obj
 0001:00011370       sf_mex_mx_is_numeric       0000000180012370 f   sfc_mex:sfc_mex.obj
 0001:000113b0       strcmp_ignore_ws           00000001800123b0 f   sfc_mex:sfc_mex.obj
 0001:000114f0       sf_mex_duplicatearraysafe  00000001800124f0 f   sfc_mex:sfc_mex.obj
 0001:00011650       sf_set_error_debugger_context_message_fcn 0000000180012650 f   sfc_mex:sfc_mex.obj
 0001:00011660       sf_set_debugger_matlab_error_fcn 0000000180012660 f   sfc_mex:sfc_mex.obj
 0001:00011690       sf_set_error_prefix_string 0000000180012690 f   sfc_mex:sfc_mex.obj
 0001:000116c0       sf_get_error_prefix_string 00000001800126c0 f   sfc_mex:sfc_mex.obj
 0001:000116d0       sf_mex_enter_parallel_region 00000001800126d0 f   sfc_mex:sfc_mex.obj
 0001:000116e0       sf_mex_exit_parallel_region 00000001800126e0 f   sfc_mex:sfc_mex.obj
 0001:000116f0       sf_get_current_jmp_buf_ptr 00000001800126f0 f   sfc_mex:sfc_mex.obj
 0001:00011700       sf_set_current_jmp_buf_ptr 0000000180012700 f   sfc_mex:sfc_mex.obj
 0001:00011710       sf_mex_set_halt_simulation 0000000180012710 f   sfc_mex:sfc_mex.obj
 0001:00011720       sf_mex_get_halt_simulation 0000000180012720 f   sfc_mex:sfc_mex.obj
 0001:00011730       sf_mex_clear_error_message 0000000180012730 f   sfc_mex:sfc_mex.obj
 0001:00011750       sf_mex_get_error_message_for_read 0000000180012750 f   sfc_mex:sfc_mex.obj
 0001:00011760       sf_mex_get_error_message_buffer_length 0000000180012760 f   sfc_mex:sfc_mex.obj
 0001:00011840       sf_mex_warning_message     0000000180012840 f   sfc_mex:sfc_mex.obj
 0001:000118b0       sf_mex_v_errbuf_createf    00000001800128b0 f   sfc_mex:sfc_mex.obj
 0001:000118c0       sf_mex_errbuf_createf      00000001800128c0 f   sfc_mex:sfc_mex.obj
 0001:000118f0       sf_mex_v_errbuf_catf       00000001800128f0 f   sfc_mex:sfc_mex.obj
 0001:00011930       sf_mex_errbuf_catf         0000000180012930 f   sfc_mex:sfc_mex.obj
 0001:00011980       sf_mex_errbuf_copy         0000000180012980 f   sfc_mex:sfc_mex.obj
 0001:00011990       sf_mex_errbuf_clear        0000000180012990 f   sfc_mex:sfc_mex.obj
 0001:000119a0       sf_mex_errbuf_isempty      00000001800129a0 f   sfc_mex:sfc_mex.obj
 0001:00011ab0       sf_mex_set_error_status    0000000180012ab0 f   sfc_mex:sfc_mex.obj
 0001:00011b00       sf_mex_error_direct_call   0000000180012b00 f   sfc_mex:sfc_mex.obj
 0001:00011b20       sf_mex_error_message_no_long_jump 0000000180012b20 f   sfc_mex:sfc_mex.obj
 0001:00011b40       sf_mex_long_jump_on_error  0000000180012b40 f   sfc_mex:sfc_mex.obj
 0001:00011b70       sf_mex_call_matlab         0000000180012b70 f   sfc_mex:sfc_mex.obj
 0001:00011c90       sf_mex_check_builtin       0000000180012c90 f   sfc_mex:sfc_mex.obj
 0001:00011cd0       sf_mex_check_builtin_vs    0000000180012cd0 f   sfc_mex:sfc_mex.obj
 0001:00011d30       sf_mex_check_enum          0000000180012d30 f   sfc_mex:sfc_mex.obj
 0001:00011d60       sf_mex_create_enum         0000000180012d60 f   sfc_mex:sfc_mex.obj
 0001:00011d80       sf_mex_get_enum_element    0000000180012d80 f   sfc_mex:sfc_mex.obj
 0001:00011d90       sf_mex_createcellarray     0000000180012d90 f   sfc_mex:sfc_mex.obj
 0001:00011da0       sf_mex_setcell             0000000180012da0 f   sfc_mex:sfc_mex.obj
 0001:00011db0       sf_mex_getcell             0000000180012db0 f   sfc_mex:sfc_mex.obj
 0001:00011dc0       sf_mex_dup                 0000000180012dc0 f   sfc_mex:sfc_mex.obj
 0001:00011de0       sf_mex_assign              0000000180012de0 f   sfc_mex:sfc_mex.obj
 0001:00011e60       sf_mex_destroy             0000000180012e60 f   sfc_mex:sfc_mex.obj
 0001:00011e90       mx_array_has_fi_type       0000000180012e90 f   sfc_mex:sfc_mex.obj
 0001:00011ec0       sf_mex_convert_from_fi     0000000180012ec0 f   sfc_mex:sfc_mex.obj
 0001:00011f70       sf_mex_convert_to_double   0000000180012f70 f   sfc_mex:sfc_mex.obj
 0001:00012090       sf_mex_import_fi_vs        0000000180013090 f   sfc_mex:sfc_mex.obj
 0001:00012250       sf_matrix_matrix_index_ok  0000000180013250 f   sfc_mex:sfc_mex.obj
 0001:000122e0       sf_vector_vector_index_ok  00000001800132e0 f   sfc_mex:sfc_mex.obj
 0001:00012310       ssGetCurrentInputPortDimensions_wrapper 0000000180013310 f   sfc_mex:sfc_mex.obj
 0001:00012330       ssGetCurrentOutputPortDimensions_wrapper 0000000180013330 f   sfc_mex:sfc_mex.obj
 0001:00012350       sf_mex_emlrt_context_is_debug_mode 0000000180013350 f   sfc_mex:sfc_mex.obj
 0001:00012360       sf_mex_emlrt_context_set_debug_mode 0000000180013360 f   sfc_mex:sfc_mex.obj
 0001:00012370       sf_mex_emlrtNameCapturePostProcessR2012a 0000000180013370 f   sfc_mex:sfc_mex.obj
 0001:000123e0       sf_clear_error_manager_info 00000001800133e0 f   sfc_mex:sfc_mex.obj
 0001:00012440       sf_mex_stop_simulation_abruptly_wo_error 0000000180013440 f   sfc_mex:sfc_mex.obj
 0001:00012480       sf_mex_error_message       0000000180013480 f   sfc_mex:sfc_mex.obj
 0001:000124e0       sf_react_to_error_in_matlab_call 00000001800134e0 f   sfc_mex:sfc_mex.obj
 0001:00012510       sf_mex_addfield            0000000180013510 f   sfc_mex:sfc_mex.obj
 0001:000125b0       sf_mex_getfield            00000001800135b0 f   sfc_mex:sfc_mex.obj
 0001:000128b0       sf_mex_check_class         00000001800138b0 f   sfc_mex:sfc_mex.obj
 0001:00012950       sf_mex_is_real             0000000180013950 f   sfc_mex:sfc_mex.obj
 0001:00012dc0       sf_mex_decode_encoded_mx_struct_array 0000000180013dc0 f   sfc_mex:sfc_mex.obj
 0001:000130a0       sf_mex_lw_bounds_check     00000001800140a0 f   sfc_mex:sfc_mex.obj
 0001:000130d0       sf_mex_lw_size_eq_check_1d 00000001800140d0 f   sfc_mex:sfc_mex.obj
 0001:000130f0       sf_mex_lw_size_eq_check_nd 00000001800140f0 f   sfc_mex:sfc_mex.obj
 0001:000132d0       sf_mex_lw_dim_size_eq_check 00000001800142d0 f   sfc_mex:sfc_mex.obj
 0001:00013300       sf_mex_lw_dim_size_geq_check 0000000180014300 f   sfc_mex:sfc_mex.obj
 0001:00013330       sf_mex_lw_sub_assign_size_check_nd 0000000180014330 f   sfc_mex:sfc_mex.obj
 0001:00013560       sf_mex_lw_runtime_error_msgid 0000000180014560 f   sfc_mex:sfc_mex.obj
 0001:00013650       sf_mex_lw_matrix_matrix_index_check 0000000180014650 f   sfc_mex:sfc_mex.obj
 0001:00013670       sf_mex_lw_vector_vector_index_check 0000000180014670 f   sfc_mex:sfc_mex.obj
 0001:000136b0       sf_mex_lw_for_loop_vector_check 00000001800146b0 f   sfc_mex:sfc_mex.obj
 0001:00013730       sf_mex_lw_non_negative_check 0000000180014730 f   sfc_mex:sfc_mex.obj
 0001:00013770       sf_mex_overflow_error      0000000180014770 f   sfc_mex:sfc_mex.obj
 0001:00013780       sf_mex_dividebyzero_error  0000000180014780 f   sfc_mex:sfc_mex.obj
 0001:00013790       sf_mex_unsafe_enum_error   0000000180014790 f   sfc_mex:sfc_mex.obj
 0001:000137a0       sf_emlrtErrHandler         00000001800147a0 f   sfc_mex:sfc_mex.obj
 0001:00013880       sf_mex_size_one_check      0000000180014880 f   sfc_mex:sfc_mex.obj
 0001:000138a0       sf_mex_printf              00000001800148a0 f   sfc_mex:sfc_mex.obj
 0001:00013a70       sf_mex_check_size          0000000180014a70 f   sfc_mex:sfc_mex.obj
 0001:00013d40       sf_mex_check_struct        0000000180014d40 f   sfc_mex:sfc_mex.obj
 0001:00013fa0       sf_mex_check_struct_vs     0000000180014fa0 f   sfc_mex:sfc_mex.obj
 0001:00014030       sf_mex_check_fi            0000000180015030 f   sfc_mex:sfc_mex.obj
 0001:00014130       sf_mex_check_fi_vs         0000000180015130 f   sfc_mex:sfc_mex.obj
 0001:000141d0       sf_echo_expression         00000001800151d0 f   sfc_mex:sfc_mex.obj
 0001:00014230       sf_assertion_failed        0000000180015230 f   sfc_mex:sfc_mex.obj
 0001:00014510       sf_mex_evalin              0000000180015510 f   sfc_mex:sfc_mex.obj
 0001:00014780       sf_mex_export              0000000180015780 f   sfc_mex:sfc_mex.obj
 0001:00014840       sf_mex_get_ml_var_no_error 0000000180015840 f   sfc_mex:sfc_mex.obj
 0001:000149e0       sf_mex_get_ml_var          00000001800159e0 f   sfc_mex:sfc_mex.obj
 0001:00014e80       ml_set_element_value_in_array 0000000180015e80 f   sfc_mex:sfc_mex.obj
 0001:00016550       sf_mex_call_impl           0000000180017550 f   sfc_mex:sfc_mex.obj
 0001:00016a80       sf_mex_call_debug          0000000180017a80 f   sfc_mex:sfc_mex.obj
 0001:00016ab0       sf_mex_call                0000000180017ab0 f   sfc_mex:sfc_mex.obj
 0001:00017100       sf_mex_createstruct        0000000180018100 f   sfc_mex:sfc_mex.obj
 0001:000171f0       sf_mex_createstructarray   00000001800181f0 f   sfc_mex:sfc_mex.obj
 0001:00017270       sf_mex_get_mx_datatype_from_sf_datatype 0000000180018270 f   sfc_mex:sfc_mex.obj
 0001:00017580       sf_mex_ml_var_sub          0000000180018580 f   sfc_mex:sfc_mex.obj
 0001:00017750       sf_mex_ml_var_subsasgn     0000000180018750 f   sfc_mex:sfc_mex.obj
 0001:00017b40       sf_mex_sub                 0000000180018b40 f   sfc_mex:sfc_mex.obj
 0001:00017d40       sf_mex_subsasgn            0000000180018d40 f   sfc_mex:sfc_mex.obj
 0001:00018220       sf_mex_create              0000000180019220 f   sfc_mex:sfc_mex.obj
 0001:00018c70       sf_mex_import_named        0000000180019c70 f   sfc_mex:sfc_mex.obj
 0001:00018cd0       sf_mex_import              0000000180019cd0 f   sfc_mex:sfc_mex.obj
 0001:00018d20       sf_mex_import_vs           0000000180019d20 f   sfc_mex:sfc_mex.obj
 0001:00018e30       sf_mex_lower_fixpt_mx_array 0000000180019e30 f   sfc_mex:sfc_mex.obj
 0001:00019120       sf_send_message_wrapper    000000018001a120 f   sfc_mex:sfc_sf.obj
 0001:00019150       sf_receive_message_wrapper 000000018001a150 f   sfc_mex:sfc_sf.obj
 0001:00019190       sf_check_out_message_wrapper 000000018001a190 f   sfc_mex:sfc_sf.obj
 0001:000191d0       sf_check_in_message_wrapper 000000018001a1d0 f   sfc_mex:sfc_sf.obj
 0001:00019210       sf_no_message_wrapper      000000018001a210 f   sfc_mex:sfc_sf.obj
 0001:000195a0       sim_mode_is_rtw_gen        000000018001a5a0 f   sfc_mex:sfc_sf.obj
 0001:000195d0       sim_mode_is_external       000000018001a5d0 f   sfc_mex:sfc_sf.obj
 0001:000195e0       sim_mode_is_modelref_sim   000000018001a5e0 f   sfc_mex:sfc_sf.obj
 0001:00019600       mdlInitializeSizes         000000018001a600 f   sfc_mex:sfc_sf.obj
 0001:00019620       mdlInitializeSampleTimes   000000018001a620 f   sfc_mex:sfc_sf.obj
 0001:00019660       mdlZeroCrossings           000000018001a660 f   sfc_mex:sfc_sf.obj
 0001:00019740       mdlDerivatives             000000018001a740 f   sfc_mex:sfc_sf.obj
 0001:000197f0       mdl_initialize_conditions_processing 000000018001a7f0 f   sfc_mex:sfc_sf.obj
 0001:00019820       mdlInitializeConditions    000000018001a820 f   sfc_mex:sfc_sf.obj
 0001:000198e0       mdlGetSimState             000000018001a8e0 f   sfc_mex:sfc_sf.obj
 0001:000198f0       mdlSetSimState             000000018001a8f0 f   sfc_mex:sfc_sf.obj
 0001:00019900       mdl_ext_mode_exec_processing 000000018001a900 f   sfc_mex:sfc_sf.obj
 0001:00019920       mdlExtModeExec             000000018001a920 f   sfc_mex:sfc_sf.obj
 0001:00019ab0       mdlTerminate               000000018001aab0 f   sfc_mex:sfc_sf.obj
 0001:00019b20       mdlRTW                     000000018001ab20 f   sfc_mex:sfc_sf.obj
 0001:00019b50       mdlSetWorkWidths           000000018001ab50 f   sfc_mex:sfc_sf.obj
 0001:00019b60       mdlProcessParameters       000000018001ab60 f   sfc_mex:sfc_sf.obj
 0001:00019b70       mdl_start_processing       000000018001ab70 f   sfc_mex:sfc_sf.obj
 0001:00019bb0       mdlStart                   000000018001abb0 f   sfc_mex:sfc_sf.obj
 0001:00019ca0       mdlEnable                  000000018001aca0 f   sfc_mex:sfc_sf.obj
 0001:00019d70       mdlDisable                 000000018001ad70 f   sfc_mex:sfc_sf.obj
 0001:00019e20       sf_get_chart_instance_ptr  000000018001ae20 f   sfc_mex:sfc_sf.obj
 0001:00019e40       sf_load_rtw_optimization_info 000000018001ae40 f   sfc_mex:sfc_sf.obj
 0001:00019f10       sf_rtw_info_uint_prop      000000018001af10 f   sfc_mex:sfc_sf.obj
 0001:0001a050       sf_is_chart_inlinable      000000018001b050 f   sfc_mex:sfc_sf.obj
 0001:0001a070       sf_mark_output_events_with_multiple_callers 000000018001b070 f   sfc_mex:sfc_sf.obj
 0001:0001a200       sf_mark_chart_reusable_outputs 000000018001b200 f   sfc_mex:sfc_sf.obj
 0001:0001a460       sf_mark_chart_expressionable_inputs 000000018001b460 f   sfc_mex:sfc_sf.obj
 0001:0001a6c0       sf_get_subchart_simstruct  000000018001b6c0 f   sfc_mex:sfc_sf.obj
 0001:0001a710       sf_get_fixpt_data_type_id  000000018001b710 f   sfc_mex:sfc_sf.obj
 0001:0001a750       sf_get_enum_data_type_id   000000018001b750 f   sfc_mex:sfc_sf.obj
 0001:0001a790       sf_get_param_data_type_id  000000018001b790 f   sfc_mex:sfc_sf.obj
 0001:0001a7c0       sf_mex_listen_for_ctrl_c_force 000000018001b7c0 f   sfc_mex:sfc_sf.obj
 0001:0001a8d0       sf_mex_draw_now            000000018001b8d0 f   sfc_mex:sfc_sf.obj
 0001:0001a910       sf_mex_set_debugger_sim_status_listener_fcn 000000018001b910 f   sfc_mex:sfc_sf.obj
 0001:0001a920       sf_mex_listen_for_ctrl_c   000000018001b920 f   sfc_mex:sfc_sf.obj
 0001:0001a9b0       sf_mex_get_sfun_param      000000018001b9b0 f   sfc_mex:sfc_sf.obj
 0001:0001aa00       sf_get_runtime_param_data  000000018001ba00 f   sfc_mex:sfc_sf.obj
 0001:0001aa40       sf_call_output_fcn_call    000000018001ba40 f   sfc_mex:sfc_sf.obj
 0001:0001ab80       sf_call_output_fcn_enable  000000018001bb80 f   sfc_mex:sfc_sf.obj
 0001:0001ac10       sf_call_output_fcn_disable 000000018001bc10 f   sfc_mex:sfc_sf.obj
 0001:0001aca0       sf_clear_rtw_identifier    000000018001bca0 f   sfc_mex:sfc_sf.obj
 0001:0001b490       sf_set_encoded_dwork_info  000000018001c490 f   sfc_mex:sfc_sf.obj
 0001:0001b4e0       sf_get_dwork_info_from_mat_file 000000018001c4e0 f   sfc_mex:sfc_sf.obj
 0001:0001b6a0       sf_set_rtw_dwork_info      000000018001c6a0 f   sfc_mex:sfc_sf.obj
 0001:0001b810       mdlOutputs                 000000018001c810 f   sfc_mex:sfc_sf.obj
 0001:0001b9b0       sf_debug_disp              000000018001c9b0 f   sfc_debug:sfcdebug.obj
 0001:0001bc10       sf_debug_data_runtime_size_mismatch_error_check 000000018001cc10 f   sfc_debug:sfcdebug.obj
 0001:0001bcb0       sf_debug_try_loading_machine 000000018001ccb0 f   sfc_debug:sfcdebug.obj
 0001:0001bdb0       sf_debug_reset_current_state_configuration 000000018001cdb0 f   sfc_debug:sfcdebug.obj
 0001:0001be40       sf_debug_store_current_state_configuration 000000018001ce40 f   sfc_debug:sfcdebug.obj
 0001:0001bed0       sf_debug_restore_previous_state_configuration 000000018001ced0 f   sfc_debug:sfcdebug.obj
 0001:0001bf60       sf_debug_restore_previous_state_configuration2 000000018001cf60 f   sfc_debug:sfcdebug.obj
 0001:0001bff0       sf_debug_get_event_scope   000000018001cff0 f   sfc_debug:sfcdebug.obj
 0001:0001c160       use_debugger_step_animation 000000018001d160 f   sfc_debug:sfcdebug.obj
 0001:0001c180       sf_debug_get_script_id     000000018001d180 f   sfc_debug:sfcdebug.obj
 0001:0001c210       sf_debug_set_script_translation 000000018001d210 f   sfc_debug:sfcdebug.obj
 0001:0001c390       sf_debug_extract_message_post_receive_info 000000018001d390 f   sfc_debug:sfcdebug.obj
 0001:0001c490       sf_debug_get_current_machine_id 000000018001d490 f   sfc_debug:sfcdebug.obj
 0001:0001c4b0       sf_debug_get_current_optional_integer 000000018001d4b0 f   sfc_debug:sfcdebug.obj
 0001:0001c4c0       sf_debug_get_current_machine_number 000000018001d4c0 f   sfc_debug:sfcdebug.obj
 0001:0001c4e0       sf_debug_get_current_machine_name 000000018001d4e0 f   sfc_debug:sfcdebug.obj
 0001:0001c500       sf_debug_get_current_chart_id 000000018001d500 f   sfc_debug:sfcdebug.obj
 0001:0001c550       sf_debug_get_current_chart_number 000000018001d550 f   sfc_debug:sfcdebug.obj
 0001:0001c560       sf_debug_get_current_instance_number 000000018001d560 f   sfc_debug:sfcdebug.obj
 0001:0001c570       sf_debug_get_current_is_minor_time_step 000000018001d570 f   sfc_debug:sfcdebug.obj
 0001:0001c5f0       sf_debug_get_current_object_type 000000018001d5f0 f   sfc_debug:sfcdebug.obj
 0001:0001c600       sf_debug_get_current_instance_handle 000000018001d600 f   sfc_debug:sfcdebug.obj
 0001:0001c660       sf_debug_get_current_event_type 000000018001d660 f   sfc_debug:sfcdebug.obj
 0001:0001c670       sf_debug_get_current_object_id 000000018001d670 f   sfc_debug:sfcdebug.obj
 0001:0001c6b0       sf_debug_get_current_active_event_type 000000018001d6b0 f   sfc_debug:sfcdebug.obj
 0001:0001c6c0       sf_debug_get_current_active_event_id 000000018001d6c0 f   sfc_debug:sfcdebug.obj
 0001:0001c700       sf_debug_get_current_tag_type 000000018001d700 f   sfc_debug:sfcdebug.obj
 0001:0001c710       sf_debug_get_current_simulation_time 000000018001d710 f   sfc_debug:sfcdebug.obj
 0001:0001c720       sf_debug_get_current_coverage_percentage 000000018001d720 f   sfc_debug:sfcdebug.obj
 0001:0001c730       sf_debug_current_statement_context 000000018001d730 f   sfc_debug:sfcdebug.obj
 0001:0001c7c0       sf_debug_get_current_statement_info 000000018001d7c0 f   sfc_debug:sfcdebug.obj
 0001:0001c940       sf_debug_terminate_instance 000000018001d940 f   sfc_debug:sfcdebug.obj
 0001:0001cc80       sf_debug_assertion_failed  000000018001dc80 f   sfc_debug:sfcdebug.obj
 0001:0001ce30       sf_debug_set_number_of_data_with_change_event_for_machine 000000018001de30 f   sfc_debug:sfcdebug.obj
 0001:0001ce70       sf_debug_set_machine_event_thresholds 000000018001de70 f   sfc_debug:sfcdebug.obj
 0001:0001ce90       sf_debug_set_machine_event_scope 000000018001de90 f   sfc_debug:sfcdebug.obj
 0001:0001ced0       sf_debug_set_machine_data_thresholds 000000018001ded0 f   sfc_debug:sfcdebug.obj
 0001:0001cf10       sf_debug_set_machine_data_scope 000000018001df10 f   sfc_debug:sfcdebug.obj
 0001:0001cfa0       sf_debug_set_machine_data_name 000000018001dfa0 f   sfc_debug:sfcdebug.obj
 0001:0001d040       sf_debug_set_machine_data_size 000000018001e040 f   sfc_debug:sfcdebug.obj
 0001:0001d180       sf_debug_set_machine_data_type 000000018001e180 f   sfc_debug:sfcdebug.obj
 0001:0001d2f0       sf_debug_get_chart_data_number 000000018001e2f0 f   sfc_debug:sfcdebug.obj
 0001:0001d310       sf_debug_get_chart_event_number 000000018001e310 f   sfc_debug:sfcdebug.obj
 0001:0001d330       sf_debug_set_chart_state_info 000000018001e330 f   sfc_debug:sfcdebug.obj
 0001:0001d3b0       sf_debug_set_chart_decomposition 000000018001e3b0 f   sfc_debug:sfcdebug.obj
 0001:0001d420       sf_debug_set_chart_substate_count 000000018001e420 f   sfc_debug:sfcdebug.obj
 0001:0001d500       sf_debug_set_chart_substate_index 000000018001e500 f   sfc_debug:sfcdebug.obj
 0001:0001d570       sf_debug_set_chart_state_substate_count 000000018001e570 f   sfc_debug:sfcdebug.obj
 0001:0001d680       sf_debug_set_chart_state_substate_index 000000018001e680 f   sfc_debug:sfcdebug.obj
 0001:0001d700       sf_debug_set_number_of_data_with_change_event_for_chart 000000018001e700 f   sfc_debug:sfcdebug.obj
 0001:0001d780       sf_debug_set_number_of_states_with_entry_event_for_chart 000000018001e780 f   sfc_debug:sfcdebug.obj
 0001:0001d7f0       sf_debug_set_number_of_states_with_exit_event_for_chart 000000018001e7f0 f   sfc_debug:sfcdebug.obj
 0001:0001d860       sf_debug_set_chart_disable_implicit_casting 000000018001e860 f   sfc_debug:sfcdebug.obj
 0001:0001d8d0       sf_debug_set_chart_event_thresholds 000000018001e8d0 f   sfc_debug:sfcdebug.obj
 0001:0001d940       sf_debug_set_chart_data_compiled_props 000000018001e940 f   sfc_debug:sfcdebug.obj
 0001:0001dc90       sf_debug_set_chart_data_props 000000018001ec90 f   sfc_debug:sfcdebug.obj
 0001:0001dfb0       sf_debug_check_fi_license  000000018001efb0 f   sfc_debug:sfcdebug.obj
 0001:0001e1a0       sf_debug_symbol_scope_push 000000018001f1a0 f   sfc_debug:sfcdebug.obj
 0001:0001e1e0       sf_debug_symbol_scope_push_eml 000000018001f1e0 f   sfc_debug:sfcdebug.obj
 0001:0001e230       sf_debug_symbol_scope_pop  000000018001f230 f   sfc_debug:sfcdebug.obj
 0001:0001e270       sf_debug_symbol_scope_add_importable 000000018001f270 f   sfc_debug:sfcdebug.obj
 0001:0001e2f0       sf_debug_symbol_scope_add  000000018001f2f0 f   sfc_debug:sfcdebug.obj
 0001:0001e370       sf_debug_symbol_scope_add_dyn_importable 000000018001f370 f   sfc_debug:sfcdebug.obj
 0001:0001e430       sf_debug_symbol_scope_add_dyn 000000018001f430 f   sfc_debug:sfcdebug.obj
 0001:0001e460       sf_debug_symbol_scope_add_eml_importable 000000018001f460 f   sfc_debug:sfcdebug.obj
 0001:0001e4a0       sf_debug_symbol_scope_add_eml 000000018001f4a0 f   sfc_debug:sfcdebug.obj
 0001:0001e4e0       sf_debug_symbol_scope_add_eml_dyn_importable 000000018001f4e0 f   sfc_debug:sfcdebug.obj
 0001:0001e550       sf_debug_symbol_scope_add_eml_dyn 000000018001f550 f   sfc_debug:sfcdebug.obj
 0001:0001e5b0       sf_debug_symbol_switch     000000018001f5b0 f   sfc_debug:sfcdebug.obj
 0001:0001e5d0       sf_debug_symbol_scope_add_verbose 000000018001f5d0 f   sfc_debug:sfcdebug.obj
 0001:0001e6a0       sf_debug_set_machine_data_value_ptr 000000018001f6a0 f   sfc_debug:sfcdebug.obj
 0001:0001e6e0       sf_debug_set_instance_data_value_ptr 000000018001f6e0 f   sfc_debug:sfcdebug.obj
 0001:0001e7a0       sf_debug_unset_instance_data_value_ptr 000000018001f7a0 f   sfc_debug:sfcdebug.obj
 0001:0001e850       sf_debug_set_chart_event_scope 000000018001f850 f   sfc_debug:sfcdebug.obj
 0001:0001e8d0       sf_debug_set_chart_transition_coverage_maps 000000018001f8d0 f   sfc_debug:sfcdebug.obj
 0001:0001e9e0       sf_debug_set_chart_state_coverage_maps 000000018001f9e0 f   sfc_debug:sfcdebug.obj
 0001:0001eac0       sf_debug_set_instance_transition_coverage_weights 000000018001fac0 f   sfc_debug:sfcdebug.obj
 0001:0001eb60       sf_debug_set_instance_state_coverage_weights 000000018001fb60 f   sfc_debug:sfcdebug.obj
 0001:0001edb0       sf_debug_unload_machine    000000018001fdb0 f   sfc_debug:sfcdebug.obj
 0001:0001ee00       sf_debug_load_machine      000000018001fe00 f   sfc_debug:sfcdebug.obj
 0001:0001ef00       sf_debug_set_active_instance_in_data_dictionary 000000018001ff00 f   sfc_debug:sfcdebug.obj
 0001:0001f0e0       sf_debug_set_active_instance 00000001800200e0 f   sfc_debug:sfcdebug.obj
 0001:0001f220       sf_debug_chart_visiblity_change 0000000180020220 f   sfc_debug:sfcdebug.obj
 0001:0001f300       sf_debug_select_chart      0000000180020300 f   sfc_debug:sfcdebug.obj
 0001:0001f3d0       sf_debug_set_instance_cv_ids 00000001800203d0 f   sfc_debug:sfcdebug.obj
 0001:0001f6e0       sf_debug_select_charts     00000001800206e0 f   sfc_debug:sfcdebug.obj
 0001:0001f820       sf_debug_initialized       0000000180020820 f   sfc_debug:sfcdebug.obj
 0001:0001f830       sf_debug_is_uninterruptible 0000000180020830 f   sfc_debug:sfcdebug.obj
 0001:0001f860       sf_debug_initialize_debugger_gui 0000000180020860 f   sfc_debug:sfcdebug.obj
 0001:0001fc50       sf_debug_resume            0000000180020c50 f   sfc_debug:sfcdebug.obj
 0001:0001fc70       sf_debug_go                0000000180020c70 f   sfc_debug:sfcdebug.obj
 0001:0001fc80       sf_debug_break             0000000180020c80 f   sfc_debug:sfcdebug.obj
 0001:0001fc90       sf_debug_step_over         0000000180020c90 f   sfc_debug:sfcdebug.obj
 0001:0001fca0       sf_debug_step_out          0000000180020ca0 f   sfc_debug:sfcdebug.obj
 0001:0001fcb0       sf_debug_set_disable_all_breakpoints 0000000180020cb0 f   sfc_debug:sfcdebug.obj
 0001:0001fcc0       sf_debug_disable_all_breakpoints_and_go 0000000180020cc0 f   sfc_debug:sfcdebug.obj
 0001:0001fcd0       sf_debug_break_on_chart_entry 0000000180020cd0 f   sfc_debug:sfcdebug.obj
 0001:0001fce0       sf_debug_break_on_event_broadcast 0000000180020ce0 f   sfc_debug:sfcdebug.obj
 0001:0001fcf0       sf_debug_break_on_state_entry 0000000180020cf0 f   sfc_debug:sfcdebug.obj
 0001:0001fd00       sf_debug_break_between_times 0000000180020d00 f   sfc_debug:sfcdebug.obj
 0001:0001fd20       sf_debug_browse_data       0000000180020d20 f   sfc_debug:sfcdebug.obj
 0001:0001fd40       sf_debug_watch_data        0000000180020d40 f   sfc_debug:sfcdebug.obj
 0001:0001fd60       sf_debug_assign_data       0000000180020d60 f   sfc_debug:sfcdebug.obj
 0001:0001fd80       sf_debug_whos              0000000180020d80 f   sfc_debug:sfcdebug.obj
 0001:0001fda0       sf_debug_get_consistency_info 0000000180020da0 f   sfc_debug:sfcdebug.obj
 0001:0001fdb0       sf_debug_browse_trace      0000000180020db0 f   sfc_debug:sfcdebug.obj
 0001:0001fdc0       sf_debug_set_breakpoints   0000000180020dc0 f   sfc_debug:sfcdebug.obj
 0001:0001ff20       sf_debug_set_eml_breakpoints 0000000180020f20 f   sfc_debug:sfcdebug.obj
 0001:00020080       sf_debug_set_script_breakpoints 0000000180021080 f   sfc_debug:sfcdebug.obj
 0001:00020100       sf_debug_add_script_breakpoints 0000000180021100 f   sfc_debug:sfcdebug.obj
 0001:00020170       sf_debug_clear_script_breakpoints 0000000180021170 f   sfc_debug:sfcdebug.obj
 0001:000201e0       sf_debug_query_script_breakpoints 00000001800211e0 f   sfc_debug:sfcdebug.obj
 0001:000202a0       sf_debug_get_eml_script_id 00000001800212a0 f   sfc_debug:sfcdebug.obj
 0001:000202f0       sf_debug_set_watch         00000001800212f0 f   sfc_debug:sfcdebug.obj
 0001:00020520       sf_debug_get_instance_handle 0000000180021520 f   sfc_debug:sfcdebug.obj
 0001:000205b0       sf_debug_get_active_states 00000001800215b0 f   sfc_debug:sfcdebug.obj
 0001:000205c0       sf_debug_get_animation     00000001800215c0 f   sfc_debug:sfcdebug.obj
 0001:000205d0       sf_debug_set_animation     00000001800215d0 f   sfc_debug:sfcdebug.obj
 0001:000205e0       sf_debug_animate           00000001800215e0 f   sfc_debug:sfcdebug.obj
 0001:00020610       sf_debug_cycle_detection_check 0000000180021610 f   sfc_debug:sfcdebug.obj
 0001:00020620       sf_debug_data_range_check  0000000180021620 f   sfc_debug:sfcdebug.obj
 0001:00020630       sf_debug_transition_conflict_check 0000000180021630 f   sfc_debug:sfcdebug.obj
 0001:00020640       sf_debug_state_consistency_check 0000000180021640 f   sfc_debug:sfcdebug.obj
 0001:00020650       sf_debug_data_range_check_enabled 0000000180021650 f   sfc_debug:sfcdebug.obj
 0001:00020670       sf_debug_transition_conflict_check_enabled 0000000180021670 f   sfc_debug:sfcdebug.obj
 0001:00020690       sf_debug_transition_conflict_check_begin 0000000180021690 f   sfc_debug:sfcdebug.obj
 0001:000206b0       sf_debug_transition_conflict_check_end 00000001800216b0 f   sfc_debug:sfcdebug.obj
 0001:000206d0       sf_debug_stop_debugging    00000001800216d0 f   sfc_debug:sfcdebug.obj
 0001:00020700       sf_debug_is_cycle_detected 0000000180021700 f   sfc_debug:sfcdebug.obj
 0001:00020710       sf_debug_is_array_bounds_detected 0000000180021710 f   sfc_debug:sfcdebug.obj
 0001:00020720       sf_debug_get_state_vectors_data_size 0000000180021720 f   sfc_debug:sfcdebug.obj
 0001:00020760       sf_debug_get_state_vectors_data 0000000180021760 f   sfc_debug:sfcdebug.obj
 0001:00020860       sf_debug_set_state_vectors_data 0000000180021860 f   sfc_debug:sfcdebug.obj
 0001:00020b20       sf_debug_get_script_index  0000000180021b20 f   sfc_debug:sfcdebug.obj
 0001:00020cb0       sf_debug_add_script        0000000180021cb0 f   sfc_debug:sfcdebug.obj
 0001:00020e40       cv_eval_point              0000000180021e40 f   sfc_debug:sfcdebug.obj
 0001:00020fb0       cv_eval_testobjective      0000000180021fb0 f   sfc_debug:sfcdebug.obj
 0001:000210d0       sf_debug_cv_init_state     00000001800220d0 f   sfc_debug:sfcdebug.obj
 0001:000211f0       sf_debug_cv_init_chart     00000001800221f0 f   sfc_debug:sfcdebug.obj
 0001:000212d0       sf_debug_cv_init_trans     00000001800222d0 f   sfc_debug:sfcdebug.obj
 0001:000213d0       sf_debug_cv_init_testobjectives 00000001800223d0 f   sfc_debug:sfcdebug.obj
 0001:000215b0       cv_eml_init_script         00000001800225b0 f   sfc_debug:sfcdebug.obj
 0001:000216b0       cv_eml_init_fcn            00000001800226b0 f   sfc_debug:sfcdebug.obj
 0001:00021760       cv_eml_init_testobjective  0000000180022760 f   sfc_debug:sfcdebug.obj
 0001:00021830       cv_eml_init_if             0000000180022830 f   sfc_debug:sfcdebug.obj
 0001:00021900       cv_eml_init_for            0000000180022900 f   sfc_debug:sfcdebug.obj
 0001:000219c0       cv_eml_init_while          00000001800229c0 f   sfc_debug:sfcdebug.obj
 0001:00021a80       cv_eml_init_mcdc           0000000180022a80 f   sfc_debug:sfcdebug.obj
 0001:00021b90       cv_eml_init_switch         0000000180022b90 f   sfc_debug:sfcdebug.obj
 0001:00021c80       cv_eml_eval                0000000180022c80 f   sfc_debug:sfcdebug.obj
 0001:00021d60       sf_debug_bm_is_a_eml_breakpoint 0000000180022d60 f   sfc_debug:sfcdebug.obj
 0001:00021eb0       sf_debug_temporal_threshold 0000000180022eb0 f   sfc_debug:sfcdebug.obj
 0001:00022210       sf_debug_transition_conflict_error 0000000180023210 f   sfc_debug:sfcdebug.obj
 0001:00022590       sf_debug_state_inconsistency_error 0000000180023590 f   sfc_debug:sfcdebug.obj
 0001:000226b0       sf_debug_check_for_state_inconsistency 00000001800236b0 f   sfc_debug:sfcdebug.obj
 0001:000226e0       sf_debug_cycle_detecton_error 00000001800236e0 f   sfc_debug:sfcdebug.obj
 0001:00022ed0       sf_debug_size_eq_check_1d  0000000180023ed0 f   sfc_debug:sfcdebug.obj
 0001:00022ef0       sf_debug_size_eq_check_nd  0000000180023ef0 f   sfc_debug:sfcdebug.obj
 0001:000230d0       sf_debug_dim_size_eq_check 00000001800240d0 f   sfc_debug:sfcdebug.obj
 0001:00023100       sf_debug_dim_size_geq_check 0000000180024100 f   sfc_debug:sfcdebug.obj
 0001:00023130       sf_debug_sub_assign_size_check_nd 0000000180024130 f   sfc_debug:sfcdebug.obj
 0001:00023370       sf_debug_matrix_matrix_index_check 0000000180024370 f   sfc_debug:sfcdebug.obj
 0001:000233a0       sf_debug_vector_vector_index_check 00000001800243a0 f   sfc_debug:sfcdebug.obj
 0001:000233d0       sf_debug_for_loop_vector_check 00000001800243d0 f   sfc_debug:sfcdebug.obj
 0001:00023450       sf_debug_runtime_error_msgid 0000000180024450 f   sfc_debug:sfcdebug.obj
 0001:000234e0       sf_debug_data_array_bounds_error_check 00000001800244e0 f   sfc_debug:sfcdebug.obj
 0001:000235f0       sf_debug_eml_data_array_bounds_error_check 00000001800245f0 f   sfc_debug:sfcdebug.obj
 0001:00023ad0       sf_debug_integer_check     0000000180024ad0 f   sfc_debug:sfcdebug.obj
 0001:00023bb0       sf_debug_not_nan_check     0000000180024bb0 f   sfc_debug:sfcdebug.obj
 0001:00023c70       sf_debug_non_negative_check 0000000180024c70 f   sfc_debug:sfcdebug.obj
 0001:00023d30       sf_debug_overflow_detection 0000000180024d30 f   sfc_debug:sfcdebug.obj
 0001:00024420       sf_debug_cast_to_real32_T  0000000180025420 f   sfc_debug:sfcdebug.obj
 0001:000244e0       sf_debug_cast_to_int8_T    00000001800254e0 f   sfc_debug:sfcdebug.obj
 0001:000245a0       sf_debug_cast_to_uint8_T   00000001800255a0 f   sfc_debug:sfcdebug.obj
 0001:00024660       sf_debug_cast_to_int16_T   0000000180025660 f   sfc_debug:sfcdebug.obj
 0001:00024720       sf_debug_cast_to_uint16_T  0000000180025720 f   sfc_debug:sfcdebug.obj
 0001:000247e0       sf_debug_cast_to_int32_T   00000001800257e0 f   sfc_debug:sfcdebug.obj
 0001:000248a0       sf_debug_cast_to_uint32_T  00000001800258a0 f   sfc_debug:sfcdebug.obj
 0001:00024960       sf_debug_data_range_error  0000000180025960 f   sfc_debug:sfcdebug.obj
 0001:00024cb0       sf_debug_read_before_write_check 0000000180025cb0 f   sfc_debug:sfcdebug.obj
 0001:000250a0       sf_debug_data_range_error_wrapper_min_max 00000001800260a0 f   sfc_debug:sfcdebug.obj
 0001:00025190       sf_debug_data_range_error_wrapper_min 0000000180026190 f   sfc_debug:sfcdebug.obj
 0001:00025270       sf_debug_data_range_error_wrapper_max 0000000180026270 f   sfc_debug:sfcdebug.obj
 0001:00025350       sf_debug_data_range_wrapper 0000000180026350 f   sfc_debug:sfcdebug.obj
 0001:00025400       sf_debug_set_current_status_info 0000000180026400 f   sfc_debug:sfcdebug.obj
 0001:000257b0       sf_debug_register_message_post_receive_info 00000001800267b0 f   sfc_debug:sfcdebug.obj
 0001:00025a20       sf_debug_call              0000000180026a20 f   sfc_debug:sfcdebug.obj
 0001:000268e0       sf_debug_initialize_machine 00000001800278e0 f   sfc_debug:sfcdebug.obj
 0001:00026bf0       sf_debug_initialize_chart  0000000180027bf0 f   sfc_debug:sfcdebug.obj
 0001:000270d0       sf_debug_ensure_script     00000001800280d0 f   sfc_debug:sfcdebug.obj
 0001:00027190       cv_script_init_script      0000000180028190 f   sfc_debug:sfcdebug.obj
 0001:00027270       cv_script_init_fcn         0000000180028270 f   sfc_debug:sfcdebug.obj
 0001:00027320       cv_script_init_testobjective 0000000180028320 f   sfc_debug:sfcdebug.obj
 0001:000273d0       cv_script_init_if          00000001800283d0 f   sfc_debug:sfcdebug.obj
 0001:00027480       cv_script_init_for         0000000180028480 f   sfc_debug:sfcdebug.obj
 0001:00027530       cv_script_init_while       0000000180028530 f   sfc_debug:sfcdebug.obj
 0001:000275e0       cv_script_init_mcdc        00000001800285e0 f   sfc_debug:sfcdebug.obj
 0001:000276e0       cv_script_init_switch      00000001800286e0 f   sfc_debug:sfcdebug.obj
 0001:000277c0       cv_script_eval             00000001800287c0 f   sfc_debug:sfcdebug.obj
 0001:000278a0       eml_debug_line_call        00000001800288a0 f   sfc_debug:sfcdebug.obj
 0001:00027a50       sf_debug_terminate         0000000180028a50 f   sfc_debug:sfcdebug.obj
 0001:00027bc0       sf_debug_set_script_cv_ids 0000000180028bc0 f   sfc_debug:sfcdebug.obj
 0001:00027cf0       sf_debug_api               0000000180028cf0 f   sfc_debug:sfc_api.obj
 0001:000294d0       sf_debug_sm_terminate      000000018002a4d0 f   sfc_debug:sfdb_animation.obj
 0001:00029690       sf_debug_reset_path_objects 000000018002a690 f   sfc_debug:sfdb_animation.obj
 0001:00029710       sf_debug_sm_reset_object_selection_status 000000018002a710 f   sfc_debug:sfdb_animation.obj
 0001:000297b0       sf_debug_sm_reset_state_buffer 000000018002a7b0 f   sfc_debug:sfdb_animation.obj
 0001:00029880       sf_debug_sm_store_state_buffer 000000018002a880 f   sfc_debug:sfdb_animation.obj
 0001:00029900       sf_debug_sm_restore_state_buffer1 000000018002a900 f   sfc_debug:sfdb_animation.obj
 0001:00029970       sf_debug_sm_restore_state_buffer2 000000018002a970 f   sfc_debug:sfdb_animation.obj
 0001:000299e0       sf_debug_sm_chart_active   000000018002a9e0 f   sfc_debug:sfdb_animation.obj
 0001:00029a30       sf_debug_sm_select_active_objects 000000018002aa30 f   sfc_debug:sfdb_animation.obj
 0001:00029ee0       sf_debug_sm_is_chart_active 000000018002aee0 f   sfc_debug:sfdb_animation.obj
 0001:00029f20       sf_debug_sm_is_state_active 000000018002af20 f   sfc_debug:sfdb_animation.obj
 0001:0002a160       sf_debug_sm_get_active_states 000000018002b160 f   sfc_debug:sfdb_animation.obj
 0001:0002a720       sf_debug_sm_initialize_instance 000000018002b720 f   sfc_debug:sfdb_animation.obj
 0001:0002a970       sf_debug_sm_change_object_selection_status 000000018002b970 f   sfc_debug:sfdb_animation.obj
 0001:0002ac60       cv_create_interface        000000018002bc60 f   sfc_debug:cv_sfinterface.obj
 0001:0002afc0       cv_init_trans              000000018002bfc0 f   sfc_debug:cv_sfinterface.obj
 0001:0002b010       cv_init_testobjective      000000018002c010 f   sfc_debug:cv_sfinterface.obj
 0001:0002b050       cv_init_state              000000018002c050 f   sfc_debug:cv_sfinterface.obj
 0001:0002b0c0       cv_init_chart              000000018002c0c0 f   sfc_debug:cv_sfinterface.obj
 0001:0002b110       cv_dec_update_call         000000018002c110 f   sfc_debug:cv_sfinterface.obj
 0001:0002b150       cv_cond_update_call        000000018002c150 f   sfc_debug:cv_sfinterface.obj
 0001:0002b190       cv_testobjective_update_call 000000018002c190 f   sfc_debug:cv_sfinterface.obj
 0001:0002b1d0       cv_sigrange_update         000000018002c1d0 f   sfc_debug:cv_sfinterface.obj
 0001:0002b210       cvsf_eml_eval              000000018002c210 f   sfc_debug:cv_sfinterface.obj
 0001:0002b2f0       cvsf_eml_init_script       000000018002c2f0 f   sfc_debug:cv_sfinterface.obj
 0001:0002b370       cvsf_eml_init_fcn          000000018002c370 f   sfc_debug:cv_sfinterface.obj
 0001:0002b3d0       cvsf_eml_init_testobjective 000000018002c3d0 f   sfc_debug:cv_sfinterface.obj
 0001:0002b430       cvsf_eml_init_if           000000018002c430 f   sfc_debug:cv_sfinterface.obj
 0001:0002b490       cvsf_eml_init_for          000000018002c490 f   sfc_debug:cv_sfinterface.obj
 0001:0002b4e0       cvsf_eml_init_while        000000018002c4e0 f   sfc_debug:cv_sfinterface.obj
 0001:0002b530       cvsf_eml_init_mcdc         000000018002c530 f   sfc_debug:cv_sfinterface.obj
 0001:0002b5c0       cvsf_eml_init_switch       000000018002c5c0 f   sfc_debug:cv_sfinterface.obj
 0001:0002b630       cvsf_script_eval           000000018002c630 f   sfc_debug:cv_sfinterface.obj
 0001:0002b710       cvsf_script_init_script    000000018002c710 f   sfc_debug:cv_sfinterface.obj
 0001:0002b790       cvsf_script_init_fcn       000000018002c790 f   sfc_debug:cv_sfinterface.obj
 0001:0002b7f0       cvsf_script_init_testobjective 000000018002c7f0 f   sfc_debug:cv_sfinterface.obj
 0001:0002b850       cvsf_script_init_if        000000018002c850 f   sfc_debug:cv_sfinterface.obj
 0001:0002b8b0       cvsf_script_init_for       000000018002c8b0 f   sfc_debug:cv_sfinterface.obj
 0001:0002b900       cvsf_script_init_while     000000018002c900 f   sfc_debug:cv_sfinterface.obj
 0001:0002b950       cvsf_script_init_mcdc      000000018002c950 f   sfc_debug:cv_sfinterface.obj
 0001:0002b9e0       cvsf_script_init_switch    000000018002c9e0 f   sfc_debug:cv_sfinterface.obj
 0001:0002ba50       cv_destroy_interface       000000018002ca50 f   sfc_debug:cv_sfinterface.obj
 0001:0002ba70       cv_create_instance_objects 000000018002ca70 f   sfc_debug:cv_sfinterface.obj
 0001:0002bf20       cv_is_enabled              000000018002cf20 f   sfc_debug:cv_sfinterface.obj
 0001:0002bf30       sf_debug_cv_initialize_script 000000018002cf30 f   sfc_debug:cv_sfinterface.obj
 0001:0002c0e0       sf_debug_cv_initialize_instance 000000018002d0e0 f   sfc_debug:cv_sfinterface.obj
 0001:0002c480       sf_debug_cv_terminate_chart 000000018002d480 f   sfc_debug:cv_sfinterface.obj
 0001:0002c5c0       cv_call_trans_test         000000018002d5c0 f   sfc_debug:cv_sfinterface.obj
 0001:0002c5d0       cv_call_sub_cond_test      000000018002d5d0 f   sfc_debug:cv_sfinterface.obj
 0001:0002c610       sf_debug_st_initialize_machine 000000018002d610 f   sfc_debug:sfdb_data_browse.obj
 0001:0002c6d0       sf_debug_st_initialize_instance 000000018002d6d0 f   sfc_debug:sfdb_data_browse.obj
 0001:0002c900       sf_debug_st_terminate      000000018002d900 f   sfc_debug:sfdb_data_browse.obj
 0001:0002cca0       sf_debug_st_set_data_value_ptr_in_machine 000000018002dca0 f   sfc_debug:sfdb_data_browse.obj
 0001:0002cd30       sf_debug_st_set_data_value_ptr_in_instance 000000018002dd30 f   sfc_debug:sfdb_data_browse.obj
 0001:0002ce10       sf_debug_st_unset_data_value_ptr_in_machine 000000018002de10 f   sfc_debug:sfdb_data_browse.obj
 0001:0002ce80       sf_debug_st_unset_data_value_ptr_in_instance 000000018002de80 f   sfc_debug:sfdb_data_browse.obj
 0001:0002d190       sf_debug_mx_value          000000018002e190 f   sfc_debug:sfdb_data_browse.obj
 0001:0002d1f0       sf_debug_mx_packed_vector  000000018002e1f0 f   sfc_debug:sfdb_data_browse.obj
 0001:0002d2d0       sf_debug_mx_uint_vector    000000018002e2d0 f   sfc_debug:sfdb_data_browse.obj
 0001:0002d390       sf_debug_st_get_double_value_from_void_ptr_vector 000000018002e390 f   sfc_debug:sfdb_data_browse.obj
 0001:0002de80       sf_debug_st_browse_data    000000018002ee80 f   sfc_debug:sfdb_data_browse.obj
 0001:0002e710       sf_debug_hm_initialize_instance 000000018002f710 f   sfc_debug:sfdb_handle_management.obj
 0001:0002ec90       sf_debug_hm_get_object_id  000000018002fc90 f   sfc_debug:sfdb_handle_management.obj
 0001:00030c00       sf_debug_object_is_eml_function 0000000180031c00 f   sfc_debug:sfdb_handle_management.obj
 0001:00030c70       sf_debug_hm_initialize_ids_in_machine 0000000180031c70 f   sfc_debug:sfdb_handle_management.obj
 0001:00030de0       sf_debug_hm_initialize_ids_in_chart 0000000180031de0 f   sfc_debug:sfdb_handle_management.obj
 0001:00030f20       sf_debug_hm_initialize_chart 0000000180031f20 f   sfc_debug:sfdb_handle_management.obj
 0001:000316d0       sf_debug_hm_terminate      00000001800326d0 f   sfc_debug:sfdb_handle_management.obj
 0001:00031730       sf_debug_hm_initialize_machine 0000000180032730 f   sfc_debug:sfdb_handle_management.obj
 0001:00031ee0       sf_debug_ss_initialize     0000000180032ee0 f   sfc_debug:sfdb_symbol_scope.obj
 0001:00031f00       sf_debug_ss_terminate      0000000180032f00 f   sfc_debug:sfdb_symbol_scope.obj
 0001:00031f90       sf_debug_ss_push_symbol_scope 0000000180032f90 f   sfc_debug:sfdb_symbol_scope.obj
 0001:00032090       sf_debug_ss_push_symbol_scope_eml 0000000180033090 f   sfc_debug:sfdb_symbol_scope.obj
 0001:000320f0       sf_debug_ss_pop_symbol_scope 00000001800330f0 f   sfc_debug:sfdb_symbol_scope.obj
 0001:000321a0       sf_debug_ss_add_symbol     00000001800331a0 f   sfc_debug:sfdb_symbol_scope.obj
 0001:00032300       sf_debug_ss_add_symbol_eml 0000000180033300 f   sfc_debug:sfdb_symbol_scope.obj
 0001:00032fe0       sf_debug_ss_set_data_value 0000000180033fe0 f   sfc_debug:sfdb_symbol_scope.obj
 0001:00033480       sf_debug_ss_watch_data     0000000180034480 f   sfc_debug:sfdb_symbol_scope.obj
 0001:00033520       sf_debug_ss_assign_data    0000000180034520 f   sfc_debug:sfdb_symbol_scope.obj
 0001:00033f20       get_data_entry_name        0000000180034f20 f   sfc_debug:sfdb_symbol_scope.obj
 0001:00033f70       sf_debug_ss_whos           0000000180034f70 f   sfc_debug:sfdb_symbol_scope.obj
 0001:00034680       sf_debug_cc_initialize_chart 0000000180035680 f   sfc_debug:sfdb_coverage.obj
 0001:00035070       sf_debug_cc_initialize_instance 0000000180036070 f   sfc_debug:sfdb_coverage.obj
 0001:00035e70       sf_debug_cc_terminate      0000000180036e70 f   sfc_debug:sfdb_coverage.obj
 0001:00035f60       sf_debug_cc_set_transition_maps 0000000180036f60 f   sfc_debug:sfdb_coverage.obj
 0001:00036090       sf_debug_cc_set_state_maps 0000000180037090 f   sfc_debug:sfdb_coverage.obj
 0001:00036170       sf_debug_cc_set_transition_weights 0000000180037170 f   sfc_debug:sfdb_coverage.obj
 0001:00036440       sf_debug_cc_set_state_weights 0000000180037440 f   sfc_debug:sfdb_coverage.obj
 0001:00036710       sf_debug_cc_mark_transition_guard 0000000180037710 f   sfc_debug:sfdb_coverage.obj
 0001:000367a0       sf_debug_cc_mark_transition_trigger 00000001800377a0 f   sfc_debug:sfdb_coverage.obj
 0001:00036830       sf_debug_cc_mark_transition_decision 0000000180037830 f   sfc_debug:sfdb_coverage.obj
 0001:000368a0       sf_debug_cc_mark_transition_condition_action 00000001800378a0 f   sfc_debug:sfdb_coverage.obj
 0001:000368f0       sf_debug_cc_mark_transition_transition_action 00000001800378f0 f   sfc_debug:sfdb_coverage.obj
 0001:00036940       sf_debug_cc_mark_state_entry 0000000180037940 f   sfc_debug:sfdb_coverage.obj
 0001:00036990       sf_debug_cc_mark_state_during 0000000180037990 f   sfc_debug:sfdb_coverage.obj
 0001:000369e0       sf_debug_cc_mark_state_exit 00000001800379e0 f   sfc_debug:sfdb_coverage.obj
 0001:00036a30       sf_debug_bm_clear_script_breakpoints 0000000180037a30 f   sfc_debug:sfdb_breakpoints.obj
 0001:00036a60       sf_debug_bm_set_script_breakpoint 0000000180037a60 f   sfc_debug:sfdb_breakpoints.obj
 0001:00036ae0       sf_debug_bm_clear_single_script_breakpoint 0000000180037ae0 f   sfc_debug:sfdb_breakpoints.obj
 0001:00036b60       sf_debug_bm_query_script_breakpoint 0000000180037b60 f   sfc_debug:sfdb_breakpoints.obj
 0001:00036bb0       sf_debug_bm_initialize_scripts 0000000180037bb0 f   sfc_debug:sfdb_breakpoints.obj
 0001:000372d0       sf_debug_bm_terminate      00000001800382d0 f   sfc_debug:sfdb_breakpoints.obj
 0001:000375c0       sf_debug_bm_remove_all_breakpoints_in_machine 00000001800385c0 f   sfc_debug:sfdb_breakpoints.obj
 0001:00037630       sf_debug_bm_remove_all_breakpoints_in_chart 0000000180038630 f   sfc_debug:sfdb_breakpoints.obj
 0001:00037780       sf_debug_bm_initialize_global_breakpoints 0000000180038780 f   sfc_debug:sfdb_breakpoints.obj
 0001:00037900       sf_debug_bm_set_breakpoint 0000000180038900 f   sfc_debug:sfdb_breakpoints.obj
 0001:00037f30       sf_debug_bm_set_eml_breakpoint 0000000180038f30 f   sfc_debug:sfdb_breakpoints.obj
 0001:00037fd0       sf_debug_bm_initialize_machine_breakpoint_map 0000000180038fd0 f   sfc_debug:sfdb_breakpoints.obj
 0001:000383f0       sf_debug_bm_is_a_breakpoint 00000001800393f0 f   sfc_debug:sfdb_breakpoints.obj
 0001:00038910       sf_debug_bm_get_all_breakpoints_in_machine 0000000180039910 f   sfc_debug:sfdb_breakpoints.obj
 0001:00038c10       sf_debug_bm_get_all_breakpoints_in_chart 0000000180039c10 f   sfc_debug:sfdb_breakpoints.obj
 0001:000398d0       sf_debug_bm_initialize_machine 000000018003a8d0 f   sfc_debug:sfdb_breakpoints.obj
 0001:000399a0       sf_debug_bm_initialize_chart 000000018003a9a0 f   sfc_debug:sfdb_breakpoints.obj
 0001:00039dc0       sf_debug_sc_terminate      000000018003adc0 f   sfc_debug:sfdb_state_consistency.obj
 0001:0003a0f0       sf_debug_sc_is_chart_consistent 000000018003b0f0 f   sfc_debug:sfdb_state_consistency.obj
 0001:0003a3a0       sf_debug_sc_get_consistency_error_info 000000018003b3a0 f   sfc_debug:sfdb_state_consistency.obj
 0001:0003a7f0       sf_debug_tm_terminate      000000018003b7f0 f   sfc_debug:sfdb_call_stack.obj
 0001:0003a8b0       sf_debug_tm_push_chart_instance 000000018003b8b0 f   sfc_debug:sfdb_call_stack.obj
 0001:0003aa00       sf_debug_tm_pop_chart_instance 000000018003ba00 f   sfc_debug:sfdb_call_stack.obj
 0001:0003aa60       sf_debug_tm_push_trace_node 000000018003ba60 f   sfc_debug:sfdb_call_stack.obj
 0001:0003abf0       sf_debug_tm_pop_trace_node 000000018003bbf0 f   sfc_debug:sfdb_call_stack.obj
 0001:0003ac70       sf_debug_tm_get_current_global_trace_index 000000018003bc70 f   sfc_debug:sfdb_call_stack.obj
 0001:0003ac80       sf_debug_tm_get_current_local_trace_index 000000018003bc80 f   sfc_debug:sfdb_call_stack.obj
 0001:0003acb0       sf_debug_tm_set_cycle_detected_flag 000000018003bcb0 f   sfc_debug:sfdb_call_stack.obj
 0001:0003acf0       sf_debug_tm_set_cycle_started_flag 000000018003bcf0 f   sfc_debug:sfdb_call_stack.obj
 0001:0003ad30       sf_debug_tm_get_chart_number_from_stack 000000018003bd30 f   sfc_debug:sfdb_call_stack.obj
 0001:0003af30       sf_debug_tm_browse_trace   000000018003bf30 f   sfc_debug:sfdb_call_stack.obj
 0001:0003b270       sf_debug_cd_initialize_instance 000000018003c270 f   sfc_debug:sfdb_cycle_detection.obj
 0001:0003b520       sf_debug_cd_mark_processed_transition_in_instance 000000018003c520 f   sfc_debug:sfdb_cycle_detection.obj
 0001:0003b5c0       sf_debug_cd_checksum_push  000000018003c5c0 f   sfc_debug:sfdb_cycle_detection.obj
 0001:0003b880       sf_debug_cd_checksum_pop   000000018003c880 f   sfc_debug:sfdb_cycle_detection.obj
 0001:0003b8f0       sf_debug_cd_turn_off_cycle_detection 000000018003c8f0 f   sfc_debug:sfdb_cycle_detection.obj
 0001:0003b940       sf_debug_cd_terminate      000000018003c940 f   sfc_debug:sfdb_cycle_detection.obj
 0001:0003bb80       md5_initialize_state       000000018003cb80 f   sfc_debug:ckmd5.obj
 0001:0003c5f0       md5_update_state           000000018003d5f0 f   sfc_debug:ckmd5.obj
 0001:0003c610       md5_get_hash               000000018003d610 f   sfc_debug:ckmd5.obj
 0001:0003c640       md5_get_hash_for_a_single_string 000000018003d640 f   sfc_debug:ckmd5.obj
 0001:0003c6a4       mxGetPr                    000000018003d6a4 f   libmx:libmx.dll
 0001:0003c6aa       mxCreateDoubleScalar       000000018003d6aa f   libmx:libmx.dll
 0001:0003c6b0       mxCreateDoubleMatrix_730   000000018003d6b0 f   libmx:libmx.dll
 0001:0003c6b6       mxSetField_730             000000018003d6b6 f   libmx:libmx.dll
 0001:0003c6bc       mxCreateString             000000018003d6bc f   libmx:libmx.dll
 0001:0003c6c2       mxCreateStructMatrix_730   000000018003d6c2 f   libmx:libmx.dll
 0001:0003c6c8       mxDestroyArray             000000018003d6c8 f   libmx:libmx.dll
 0001:0003c6ce       mxDuplicateArray           000000018003d6ce f   libmx:libmx.dll
 0001:0003c6d4       mxIsEmpty                  000000018003d6d4 f   libmx:libmx.dll
 0001:0003c6da       mxGetString_730            000000018003d6da f   libmx:libmx.dll
 0001:0003c6e0       mxIsChar                   000000018003d6e0 f   libmx:libmx.dll
 0001:0003c6e6       mxGetClassID               000000018003d6e6 f   libmx:libmx.dll
 0001:0003c6ec       mxIsNumeric                000000018003d6ec f   libmx:libmx.dll
 0001:0003c6f2       mxIsComplex                000000018003d6f2 f   libmx:libmx.dll
 0001:0003c6f8       mxGetN                     000000018003d6f8 f   libmx:libmx.dll
 0001:0003c6fe       mxGetM                     000000018003d6fe f   libmx:libmx.dll
 0001:0003c704       mxCalloc                   000000018003d704 f   libmx:libmx.dll
 0001:0003c70a       mxGetScalar                000000018003d70a f   libmx:libmx.dll
 0001:0003c710       mxIsLogical                000000018003d710 f   libmx:libmx.dll
 0001:0003c716       mxCreateDoubleMatrix_700   000000018003d716 f   libmx:libmx.dll
 0001:0003c71c       mxFree                     000000018003d71c f   libmx:libmx.dll
 0001:0003c722       mxArrayToString            000000018003d722 f   libmx:libmx.dll
 0001:0003c728       mxCreateCellMatrix_700     000000018003d728 f   libmx:libmx.dll
 0001:0003c72e       mxSetCell_700              000000018003d72e f   libmx:libmx.dll
 0001:0003c734       mxGetCell_700              000000018003d734 f   libmx:libmx.dll
 0001:0003c73a       mxGetClassName             000000018003d73a f   libmx:libmx.dll
 0001:0003c740       mxSetField_700             000000018003d740 f   libmx:libmx.dll
 0001:0003c746       mxAddField                 000000018003d746 f   libmx:libmx.dll
 0001:0003c74c       mxGetField_700             000000018003d74c f   libmx:libmx.dll
 0001:0003c752       mxGetNumberOfElements      000000018003d752 f   libmx:libmx.dll
 0001:0003c758       mxIsStruct                 000000018003d758 f   libmx:libmx.dll
 0001:0003c75e       mxIsA                      000000018003d75e f   libmx:libmx.dll
 0001:0003c764       mxIsClass                  000000018003d764 f   libmx:libmx.dll
 0001:0003c76a       mxGetLogicals              000000018003d76a f   libmx:libmx.dll
 0001:0003c770       mxIsSparse                 000000018003d770 f   libmx:libmx.dll
 0001:0003c776       mxSetFieldByNumber_700     000000018003d776 f   libmx:libmx.dll
 0001:0003c77c       mxGetFieldByNumber_700     000000018003d77c f   libmx:libmx.dll
 0001:0003c782       mxGetFieldNameByNumber     000000018003d782 f   libmx:libmx.dll
 0001:0003c788       mxGetNumberOfFields        000000018003d788 f   libmx:libmx.dll
 0001:0003c78e       mxCreateStructMatrix_700   000000018003d78e f   libmx:libmx.dll
 0001:0003c794       mxGetFieldNumber           000000018003d794 f   libmx:libmx.dll
 0001:0003c79a       mxIsNaN                    000000018003d79a f   libmx:libmx.dll
 0001:0003c7a0       mxGetData                  000000018003d7a0 f   libmx:libmx.dll
 0001:0003c7a6       mxGetImagData              000000018003d7a6 f   libmx:libmx.dll
 0001:0003c7ac       mxArrayClassIDName         000000018003d7ac f   libmx:libmx.dll
 0001:0003c7b2       mxCreateNumericMatrix_700  000000018003d7b2 f   libmx:libmx.dll
 0001:0003c7b8       mxCreateStructArray_700    000000018003d7b8 f   libmx:libmx.dll
 0001:0003c7be       mxCalcSingleSubscript_700  000000018003d7be f   libmx:libmx.dll
 0001:0003c7c4       mxGetDimensions_700        000000018003d7c4 f   libmx:libmx.dll
 0001:0003c7ca       mxGetNumberOfDimensions_700 000000018003d7ca f   libmx:libmx.dll
 0001:0003c7d0       mxCreateNumericArray_700   000000018003d7d0 f   libmx:libmx.dll
 0001:0003c7d6       mxGetElementSize           000000018003d7d6 f   libmx:libmx.dll
 0001:0003c7dc       mxCreateStringFromNChars_700 000000018003d7dc f   libmx:libmx.dll
 0001:0003c7e2       mxGetString_700            000000018003d7e2 f   libmx:libmx.dll
 0001:0003c7e8       mxIsLogicalScalarTrue      000000018003d7e8 f   libmx:libmx.dll
 0001:0003c7ee       mxCreateLogicalScalar      000000018003d7ee f   libmx:libmx.dll
 0001:0003c7f4       mexUnlock                  000000018003d7f4 f   libmex:libmex.dll
 0001:0003c7fa       mexIsLocked                000000018003d7fa f   libmex:libmex.dll
 0001:0003c800       mexWarnMsgTxt              000000018003d800 f   libmex:libmex.dll
 0001:0003c806       mexCallMATLAB              000000018003d806 f   libmex:libmex.dll
 0001:0003c80c       mexErrMsgTxt               000000018003d80c f   libmex:libmex.dll
 0001:0003c812       mexMakeArrayPersistent     000000018003d812 f   libmex:libmex.dll
 0001:0003c818       mexSetTrapFlag             000000018003d818 f   libmex:libmex.dll
 0001:0003c81e       mexPutVariable             000000018003d81e f   libmex:libmex.dll
 0001:0003c824       mexGetVariable             000000018003d824 f   libmex:libmex.dll
 0001:0003c82a       mexLock                    000000018003d82a f   libmex:libmex.dll
 0001:0003c830       mexMakeMemoryPersistent    000000018003d830 f   libmex:libmex.dll
 0001:0003c836       mexFunctionName            000000018003d836 f   libmex:libmex.dll
 0001:0003c83c       ssRegisterDataTypeFxpFSlopeFixExpBias 000000018003d83c f   libfixedpoint:libfixedpoint.dll
 0001:0003c842       utVSNprintf                000000018003d842 f   libut:libut.dll
 0001:0003c848       utCPUtime                  000000018003d848 f   libut:libut.dll
 0001:0003c84e       utFree                     000000018003d84e f   libut:libut.dll
 0001:0003c854       utMalloc                   000000018003d854 f   libut:libut.dll
 0001:0003c85a       muDoubleScalarRound        000000018003d85a f   libmwmathutil:libmwmathutil.dll
 0001:0003c860       emlrtCheckBuiltInCtxR2011a 000000018003d860 f   libemlrt:libemlrt.dll
 0001:0003c866       emlrtCheckVsBuiltInCtxR2011a 000000018003d866 f   libemlrt:libemlrt.dll
 0001:0003c86c       emlrtCheckEnumR2009a       000000018003d86c f   libemlrt:libemlrt.dll
 0001:0003c872       emlrtCreateEnumR2010a      000000018003d872 f   libemlrt:libemlrt.dll
 0001:0003c878       emlrtGetEnumElementR2009a  000000018003d878 f   libemlrt:libemlrt.dll
 0001:0003c87e       emlrtCreateReference       000000018003d87e f   libemlrt:libemlrt.dll
 0001:0003c884       emlrtImportVsFiArrayR2009b 000000018003d884 f   libemlrt:libemlrt.dll
 0001:0003c88a       emlrtNameCapturePostProcessR2012a 000000018003d88a f   libemlrt:libemlrt.dll
 0001:0003c890       emlrtExtractMessageId      000000018003d890 f   libemlrt:libemlrt.dll
 0001:0003c896       emlrtTranslateMessageIDtoLCPstring 000000018003d896 f   libemlrt:libemlrt.dll
 0001:0003c89c       emlrtForLoopVectorIsValidR2011b 000000018003d89c f   libemlrt:libemlrt.dll
 0001:0003c8a2       emlrtTranslateUTF16MessagetoLCPstring 000000018003d8a2 f   libemlrt:libemlrt.dll
 0001:0003c8a8       emlrtGetEnumUnderlyingArrayR2009a 000000018003d8a8 f   libemlrt:libemlrt.dll
 0001:0003c8ae       emlrtIsEnumR2009a          000000018003d8ae f   libemlrt:libemlrt.dll
 0001:0003c8c0       memset                     000000018003d8c0 f   MSVCRT:MSVCR90.dll
 0001:0003c8c6       malloc                     000000018003d8c6 f   MSVCRT:MSVCR90.dll
 0001:0003c8cc       free                       000000018003d8cc f   MSVCRT:MSVCR90.dll
 0001:0003c8d4       __GSHandlerCheckCommon     000000018003d8d4 f   MSVCRT:gshandler.obj
 0001:0003c938       __GSHandlerCheck           000000018003d938 f   MSVCRT:gshandler.obj
 0001:0003c970       __security_check_cookie    000000018003d970 f   MSVCRT:amdsecgs.obj
 0001:0003c990       strcmp                     000000018003d990 f   MSVCRT:MSVCR90.dll
 0001:0003c996       sprintf                    000000018003d996 f   MSVCRT:MSVCR90.dll
 0001:0003c99c       strlen                     000000018003d99c f   MSVCRT:MSVCR90.dll
 0001:0003c9a2       strcat                     000000018003d9a2 f   MSVCRT:MSVCR90.dll
 0001:0003c9a8       memcpy                     000000018003d9a8 f   MSVCRT:MSVCR90.dll
 0001:0003c9b0       NtCurrentTeb               000000018003d9b0 f i MSVCRT:crtdll.obj
 0001:0003ca1c       _CRT_INIT                  000000018003da1c f   MSVCRT:crtdll.obj
 0001:0003cdb0       _DllMainCRTStartup         000000018003ddb0 f   MSVCRT:crtdll.obj
 0001:0003cdee       strncpy                    000000018003ddee f   MSVCRT:MSVCR90.dll
 0001:0003cdf4       longjmp                    000000018003ddf4 f   MSVCRT:MSVCR90.dll
 0001:0003cdfa       strncmp                    000000018003ddfa f   MSVCRT:MSVCR90.dll
 0001:0003ce00       ceil                       000000018003de00 f   MSVCRT:MSVCR90.dll
 0001:0003ce06       strrchr                    000000018003de06 f   MSVCRT:MSVCR90.dll
 0001:0003ce0c       _setjmp                    000000018003de0c f   MSVCRT:MSVCR90.dll
 0001:0003ce12       calloc                     000000018003de12 f   MSVCRT:MSVCR90.dll
 0001:0003ce18       realloc                    000000018003de18 f   MSVCRT:MSVCR90.dll
 0001:0003ce1e       ldexp                      000000018003de1e f   MSVCRT:MSVCR90.dll
 0001:0003ce24       __report_gsfailure         000000018003de24 f   MSVCRT:gs_report.obj
 0001:0003cf70       __clean_type_info_names    000000018003df70 f   MSVCRT:tncleanup.obj
 0001:0003cf7c       _onexit                    000000018003df7c f   MSVCRT:atonexit.obj
 0001:0003d02c       atexit                     000000018003e02c f   MSVCRT:atonexit.obj
 0001:0003d044       _RTC_Initialize            000000018003e044 f   MSVCRT:_initsect_.obj
 0001:0003d07c       _RTC_Terminate             000000018003e07c f   MSVCRT:_initsect_.obj
 0001:0003d0b4       _encode_pointer            000000018003e0b4 f   MSVCRT:MSVCR90.dll
 0001:0003d0ba       _malloc_crt                000000018003e0ba f   MSVCRT:MSVCR90.dll
 0001:0003d0c0       _ValidateImageBase         000000018003e0c0 f   MSVCRT:pesect.obj
 0001:0003d0f0       _FindPESection             000000018003e0f0 f   MSVCRT:pesect.obj
 0001:0003d140       _IsNonwritableInCurrentImage 000000018003e140 f   MSVCRT:pesect.obj
 0001:0003d182       _initterm                  000000018003e182 f   MSVCRT:MSVCR90.dll
 0001:0003d188       _initterm_e                000000018003e188 f   MSVCRT:MSVCR90.dll
 0001:0003d18e       _encoded_null              000000018003e18e f   MSVCRT:MSVCR90.dll
 0001:0003d194       _decode_pointer            000000018003e194 f   MSVCRT:MSVCR90.dll
 0001:0003d19a       _amsg_exit                 000000018003e19a f   MSVCRT:MSVCR90.dll
 0001:0003d1a0       __C_specific_handler       000000018003e1a0 f   MSVCRT:MSVCR90.dll
 0001:0003d1a6       __CppXcptFilter            000000018003e1a6 f   MSVCRT:MSVCR90.dll
 0001:0003d1ac       DllMain                    000000018003e1ac f   MSVCRT:dllmain.obj
 0001:0003d1d0       __security_init_cookie     000000018003e1d0 f   MSVCRT:gs_support.obj
 0001:0003d284       __crt_debugger_hook        000000018003e284 f   MSVCRT:MSVCR90.dll
 0001:0003d28a       __clean_type_info_names_internal 000000018003e28a f   MSVCRT:MSVCR90.dll
 0001:0003d290       _unlock                    000000018003e290 f   MSVCRT:MSVCR90.dll
 0001:0003d296       __dllonexit                000000018003e296 f   MSVCRT:MSVCR90.dll
 0001:0003d29c       _lock                      000000018003e29c f   MSVCRT:MSVCR90.dll
 0001:0003d2a2       Sleep                      000000018003e2a2 f   kernel32:KERNEL32.dll
 0001:0003d2a8       TerminateProcess           000000018003e2a8 f   kernel32:KERNEL32.dll
 0001:0003d2ae       GetCurrentProcess          000000018003e2ae f   kernel32:KERNEL32.dll
 0001:0003d2b4       UnhandledExceptionFilter   000000018003e2b4 f   kernel32:KERNEL32.dll
 0001:0003d2ba       SetUnhandledExceptionFilter 000000018003e2ba f   kernel32:KERNEL32.dll
 0001:0003d2c0       IsDebuggerPresent          000000018003e2c0 f   kernel32:KERNEL32.dll
 0001:0003d2c6       RtlVirtualUnwind           000000018003e2c6 f   kernel32:KERNEL32.dll
 0001:0003d2cc       RtlLookupFunctionEntry     000000018003e2cc f   kernel32:KERNEL32.dll
 0001:0003d2d2       RtlCaptureContext          000000018003e2d2 f   kernel32:KERNEL32.dll
 0001:0003d2d8       DisableThreadLibraryCalls  000000018003e2d8 f   kernel32:KERNEL32.dll
 0001:0003d2de       QueryPerformanceCounter    000000018003e2de f   kernel32:KERNEL32.dll
 0001:0003d2e4       GetTickCount               000000018003e2e4 f   kernel32:KERNEL32.dll
 0001:0003d2ea       GetCurrentThreadId         000000018003e2ea f   kernel32:KERNEL32.dll
 0001:0003d2f0       GetCurrentProcessId        000000018003e2f0 f   kernel32:KERNEL32.dll
 0001:0003d2f6       GetSystemTimeAsFileTime    000000018003e2f6 f   kernel32:KERNEL32.dll
 0001:0003d310       _alloca_probe              000000018003e310     MSVCRT:chkstk.obj
 0001:0003d310       __chkstk                   000000018003e310 f   MSVCRT:chkstk.obj
 0002:00000000       __imp_GetSystemTimeAsFileTime 000000018003f000     kernel32:KERNEL32.dll
 0002:00000008       __imp_GetCurrentProcessId  000000018003f008     kernel32:KERNEL32.dll
 0002:00000010       __imp_GetCurrentThreadId   000000018003f010     kernel32:KERNEL32.dll
 0002:00000018       __imp_GetTickCount         000000018003f018     kernel32:KERNEL32.dll
 0002:00000020       __imp_QueryPerformanceCounter 000000018003f020     kernel32:KERNEL32.dll
 0002:00000028       __imp_DisableThreadLibraryCalls 000000018003f028     kernel32:KERNEL32.dll
 0002:00000030       __imp_RtlCaptureContext    000000018003f030     kernel32:KERNEL32.dll
 0002:00000038       __imp_RtlLookupFunctionEntry 000000018003f038     kernel32:KERNEL32.dll
 0002:00000040       __imp_RtlVirtualUnwind     000000018003f040     kernel32:KERNEL32.dll
 0002:00000048       __imp_IsDebuggerPresent    000000018003f048     kernel32:KERNEL32.dll
 0002:00000050       __imp_SetUnhandledExceptionFilter 000000018003f050     kernel32:KERNEL32.dll
 0002:00000058       __imp_UnhandledExceptionFilter 000000018003f058     kernel32:KERNEL32.dll
 0002:00000060       __imp_GetCurrentProcess    000000018003f060     kernel32:KERNEL32.dll
 0002:00000068       __imp_TerminateProcess     000000018003f068     kernel32:KERNEL32.dll
 0002:00000070       __imp_Sleep                000000018003f070     kernel32:KERNEL32.dll
 0002:00000078       \177KERNEL32_NULL_THUNK_DATA 000000018003f078     kernel32:KERNEL32.dll
 0002:00000080       __imp__onexit              000000018003f080     MSVCRT:MSVCR90.dll
 0002:00000088       __imp__lock                000000018003f088     MSVCRT:MSVCR90.dll
 0002:00000090       __imp___dllonexit          000000018003f090     MSVCRT:MSVCR90.dll
 0002:00000098       __imp__unlock              000000018003f098     MSVCRT:MSVCR90.dll
 0002:000000a0       __imp___clean_type_info_names_internal 000000018003f0a0     MSVCRT:MSVCR90.dll
 0002:000000a8       __imp___crt_debugger_hook  000000018003f0a8     MSVCRT:MSVCR90.dll
 0002:000000b0       __imp___CppXcptFilter      000000018003f0b0     MSVCRT:MSVCR90.dll
 0002:000000b8       __imp___C_specific_handler 000000018003f0b8     MSVCRT:MSVCR90.dll
 0002:000000c0       __imp__amsg_exit           000000018003f0c0     MSVCRT:MSVCR90.dll
 0002:000000c8       __imp__decode_pointer      000000018003f0c8     MSVCRT:MSVCR90.dll
 0002:000000d0       __imp__encoded_null        000000018003f0d0     MSVCRT:MSVCR90.dll
 0002:000000d8       __imp__initterm_e          000000018003f0d8     MSVCRT:MSVCR90.dll
 0002:000000e0       __imp__initterm            000000018003f0e0     MSVCRT:MSVCR90.dll
 0002:000000e8       __imp__malloc_crt          000000018003f0e8     MSVCRT:MSVCR90.dll
 0002:000000f0       __imp__encode_pointer      000000018003f0f0     MSVCRT:MSVCR90.dll
 0002:000000f8       __imp_ldexp                000000018003f0f8     MSVCRT:MSVCR90.dll
 0002:00000100       __imp_realloc              000000018003f100     MSVCRT:MSVCR90.dll
 0002:00000108       __imp_calloc               000000018003f108     MSVCRT:MSVCR90.dll
 0002:00000110       __imp__setjmp              000000018003f110     MSVCRT:MSVCR90.dll
 0002:00000118       __imp_strrchr              000000018003f118     MSVCRT:MSVCR90.dll
 0002:00000120       __imp_ceil                 000000018003f120     MSVCRT:MSVCR90.dll
 0002:00000128       __imp_strncmp              000000018003f128     MSVCRT:MSVCR90.dll
 0002:00000130       __imp_longjmp              000000018003f130     MSVCRT:MSVCR90.dll
 0002:00000138       __imp_strncpy              000000018003f138     MSVCRT:MSVCR90.dll
 0002:00000140       __imp_memcpy               000000018003f140     MSVCRT:MSVCR90.dll
 0002:00000148       __imp_strcat               000000018003f148     MSVCRT:MSVCR90.dll
 0002:00000150       __imp_strlen               000000018003f150     MSVCRT:MSVCR90.dll
 0002:00000158       __imp_sprintf              000000018003f158     MSVCRT:MSVCR90.dll
 0002:00000160       __imp_strcmp               000000018003f160     MSVCRT:MSVCR90.dll
 0002:00000168       __imp_free                 000000018003f168     MSVCRT:MSVCR90.dll
 0002:00000170       __imp_malloc               000000018003f170     MSVCRT:MSVCR90.dll
 0002:00000178       __imp_memset               000000018003f178     MSVCRT:MSVCR90.dll
 0002:00000180       \177MSVCR90_NULL_THUNK_DATA 000000018003f180     MSVCRT:MSVCR90.dll
 0002:00000188       __imp_emlrtIsEnumR2009a    000000018003f188     libemlrt:libemlrt.dll
 0002:00000190       __imp_emlrtGetEnumUnderlyingArrayR2009a 000000018003f190     libemlrt:libemlrt.dll
 0002:00000198       __imp_emlrtTranslateUTF16MessagetoLCPstring 000000018003f198     libemlrt:libemlrt.dll
 0002:000001a0       __imp_emlrtForLoopVectorIsValidR2011b 000000018003f1a0     libemlrt:libemlrt.dll
 0002:000001a8       __imp_emlrtTranslateMessageIDtoLCPstring 000000018003f1a8     libemlrt:libemlrt.dll
 0002:000001b0       __imp_emlrtExtractMessageId 000000018003f1b0     libemlrt:libemlrt.dll
 0002:000001b8       __imp_emlrtNameCapturePostProcessR2012a 000000018003f1b8     libemlrt:libemlrt.dll
 0002:000001c0       __imp_emlrtImportVsFiArrayR2009b 000000018003f1c0     libemlrt:libemlrt.dll
 0002:000001c8       __imp_emlrtCreateReference 000000018003f1c8     libemlrt:libemlrt.dll
 0002:000001d0       __imp_emlrtGetEnumElementR2009a 000000018003f1d0     libemlrt:libemlrt.dll
 0002:000001d8       __imp_emlrtCreateEnumR2010a 000000018003f1d8     libemlrt:libemlrt.dll
 0002:000001e0       __imp_emlrtCheckEnumR2009a 000000018003f1e0     libemlrt:libemlrt.dll
 0002:000001e8       __imp_emlrtCheckVsBuiltInCtxR2011a 000000018003f1e8     libemlrt:libemlrt.dll
 0002:000001f0       __imp_emlrtCheckBuiltInCtxR2011a 000000018003f1f0     libemlrt:libemlrt.dll
 0002:000001f8       \177libemlrt_NULL_THUNK_DATA 000000018003f1f8     libemlrt:libemlrt.dll
 0002:00000200       __imp_ssRegisterDataTypeFxpFSlopeFixExpBias 000000018003f200     libfixedpoint:libfixedpoint.dll
 0002:00000208       \177libfixedpoint_NULL_THUNK_DATA 000000018003f208     libfixedpoint:libfixedpoint.dll
 0002:00000210       __imp_mexLock              000000018003f210     libmex:libmex.dll
 0002:00000218       __imp_mexMakeMemoryPersistent 000000018003f218     libmex:libmex.dll
 0002:00000220       __imp_mexFunctionName      000000018003f220     libmex:libmex.dll
 0002:00000228       __imp_mexGetVariable       000000018003f228     libmex:libmex.dll
 0002:00000230       __imp_mexPutVariable       000000018003f230     libmex:libmex.dll
 0002:00000238       __imp_mexIsLocked          000000018003f238     libmex:libmex.dll
 0002:00000240       __imp_mexWarnMsgTxt        000000018003f240     libmex:libmex.dll
 0002:00000248       __imp_mexCallMATLAB        000000018003f248     libmex:libmex.dll
 0002:00000250       __imp_mexErrMsgTxt         000000018003f250     libmex:libmex.dll
 0002:00000258       __imp_mexUnlock            000000018003f258     libmex:libmex.dll
 0002:00000260       __imp_mexMakeArrayPersistent 000000018003f260     libmex:libmex.dll
 0002:00000268       __imp_mexSetTrapFlag       000000018003f268     libmex:libmex.dll
 0002:00000270       \177libmex_NULL_THUNK_DATA 000000018003f270     libmex:libmex.dll
 0002:00000278       __imp_muDoubleScalarRound  000000018003f278     libmwmathutil:libmwmathutil.dll
 0002:00000280       \177libmwmathutil_NULL_THUNK_DATA 000000018003f280     libmwmathutil:libmwmathutil.dll
[...]
 0001:00014a20       sf_numeric_value_to_double 0000000180015a20 f   sfc_mex:sfc_mex.obj
 0001:00014a70       ml_generic_out_of_bounds_check 0000000180015a70 f   sfc_mex:sfc_mex.obj
 0001:00014c40       ml_get_element_value_from_array 0000000180015c40 f   sfc_mex:sfc_mex.obj
 0001:00014fe0       _ml_generic_castability_check 0000000180015fe0 f   sfc_mex:sfc_mex.obj
 0001:00015d40       ml_generic_castability_check 0000000180016d40 f   sfc_mex:sfc_mex.obj
 0001:00015de0       ml_check_mx_array_for_single_castability 0000000180016de0 f   sfc_mex:sfc_mex.obj
 0001:00015e80       ml_check_mx_array_for_logical_castability 0000000180016e80 f   sfc_mex:sfc_mex.obj
 0001:00015f20       ml_check_mx_array_for_int8_castability 0000000180016f20 f   sfc_mex:sfc_mex.obj
 0001:00015fd0       ml_check_mx_array_for_uint8_castability 0000000180016fd0 f   sfc_mex:sfc_mex.obj
 0001:00016030       ml_check_mx_array_for_int16_castability 0000000180017030 f   sfc_mex:sfc_mex.obj
 0001:00016090       ml_check_mx_array_for_uint16_castability 0000000180017090 f   sfc_mex:sfc_mex.obj
 0001:000160f0       ml_check_mx_array_for_int32_castability 00000001800170f0 f   sfc_mex:sfc_mex.obj
 0001:00016150       ml_check_mx_array_for_uint32_castability 0000000180017150 f   sfc_mex:sfc_mex.obj
 0001:000161b0       ml_check_mx_array_for_castability 00000001800171b0 f   sfc_mex:sfc_mex.obj
 0001:00016ae0       set_data_value             0000000180017ae0 f   sfc_mex:sfc_mex.obj
 0001:00016e50       get_data_value             0000000180017e50 f   sfc_mex:sfc_mex.obj
 0001:00016f60       get_next_element_address   0000000180017f60 f   sfc_mex:sfc_mex.obj
 0001:00017030       sf_normalize_index         0000000180018030 f   sfc_mex:sfc_mex.obj
 0001:000173c0       ml_array_index_bound_check 00000001800183c0 f   sfc_mex:sfc_mex.obj
 0001:00017ee0       mx_value                   0000000180018ee0 f   sfc_mex:sfc_mex.obj
 0001:00017f30       sf_create_numeric_array    0000000180018f30 f   sfc_mex:sfc_mex.obj
 0001:00017fd0       sf_mex_assign_to_mx_array  0000000180018fd0 f   sfc_mex:sfc_mex.obj
 0001:00018320       assign_from_mx_array       0000000180019320 f   sfc_mex:sfc_mex.obj
 0001:00018b50       sf_mex_import_v            0000000180019b50 f   sfc_mex:sfc_mex.obj
 0001:00019250       get_machine_and_chart_file_number 000000018001a250 f   sfc_mex:sfc_sf.obj
 0001:00019340       get_sfun_block_specialization 000000018001a340 f   sfc_mex:sfc_sf.obj
 0001:000193f0       call_sf_machine_global_method_dispatcher 000000018001a3f0 f   sfc_mex:sfc_sf.obj
 0001:00019640       mdl_zeroCrossings_processing 000000018001a640 f   sfc_mex:sfc_sf.obj
 0001:00019710       mdl_derivatives_processing 000000018001a710 f   sfc_mex:sfc_sf.obj
 0001:000199d0       mdl_outputs_continuous_legacy 000000018001a9d0 f   sfc_mex:sfc_sf.obj
 0001:00019a50       mdl_outputs_processing     000000018001aa50 f   sfc_mex:sfc_sf.obj
 0001:00019c80       mdl_enable_processing      000000018001ac80 f   sfc_mex:sfc_sf.obj
 0001:00019d50       mdl_disable_processing     000000018001ad50 f   sfc_mex:sfc_sf.obj
 0001:0001aac0       sf_call_output_fcn_enable_disable 000000018001bac0 f   sfc_mex:sfc_sf.obj
 0001:0001ad40       set_dwork_information_from_mx_array 000000018001bd40 f   sfc_mex:sfc_sf.obj
 0001:0001b600       ptr2mxStruct               000000018001c600 f   sfc_mex:sfc_sf.obj
 0001:0001b910       SNPRINTF_WRAPPER           000000018001c910 f   sfc_debug:sfcdebug.obj
 0001:0001b930       sf_debug_chart_instance_initialized_quick 000000018001c930 f   sfc_debug:sfcdebug.obj
 0001:0001b940       sf_debug_chart_instance_initialized 000000018001c940 f   sfc_debug:sfcdebug.obj
 0001:0001bae0       sfrtAddSize                000000018001cae0 f   sfc_debug:sfcdebug.obj
 0001:0001bba0       sfrtGenSizeString          000000018001cba0 f   sfc_debug:sfcdebug.obj
 0001:0001c2b0       fill_single_message_info   000000018001d2b0 f   sfc_debug:sfcdebug.obj
 0001:0001c470       sf_debug_sim_status_listener 000000018001d470 f   sfc_debug:sfcdebug.obj
 0001:0001c9e0       sf_debug_form_mask_bits    000000018001d9e0 f   sfc_debug:sfcdebug.obj
 0001:0001ca20       sf_debug_form_sf_data_type_offsets 000000018001da20 f   sfc_debug:sfcdebug.obj
 0001:0001cae0       sf_debug_free_all          000000018001dae0 f   sfc_debug:sfcdebug.obj
 0001:0001cc90       sf_debug_append_debugger_context 000000018001dc90 f   sfc_debug:sfcdebug.obj
 0001:0001cf50       local_strdup               000000018001df50 f   sfc_debug:sfcdebug.obj
 0001:0001de30       sf_debug_em_terminate      000000018001ee30 f   sfc_debug:sfcdebug.obj
 0001:0001de70       sf_debug_push_eml_function 000000018001ee70 f   sfc_debug:sfcdebug.obj
 0001:0001df10       sf_debug_pop_eml_function  000000018001ef10 f   sfc_debug:sfcdebug.obj
 0001:0001ec10       sf_debug_get_machine_number_from_id_or_name 000000018001fc10 f   sfc_debug:sfcdebug.obj
 0001:0001ed60       sf_debug_get_chart_number_from_id 000000018001fd60 f   sfc_debug:sfcdebug.obj
 0001:0001f9d0       sf_debug_transfer_control_to_debugger_GUI 00000001800209d0 f   sfc_debug:sfcdebug.obj
 0001:00020960       sf_debug_scripts_rehash    0000000180021960 f   sfc_debug:sfcdebug.obj
 0001:00020ba0       sf_debug_get_script_line_count 0000000180021ba0 f   sfc_debug:sfcdebug.obj
 0001:000214d0       cv_eml_state_cvId          00000001800224d0 f   sfc_debug:sfcdebug.obj
 0001:00021540       cv_eml_trans_cvId          0000000180022540 f   sfc_debug:sfcdebug.obj
 0001:00022800       sf_debug_data_array_bounds_error 0000000180023800 f   sfc_debug:sfcdebug.obj
 0001:00022c30       eml_debug_runtime_error_doclink 0000000180023c30 f   sfc_debug:sfcdebug.obj
 0001:00022db0       sf_debug_runtime_error     0000000180023db0 f   sfc_debug:sfcdebug.obj
 0001:00022e20       sf_debug_matlab_error      0000000180023e20 f   sfc_debug:sfcdebug.obj
 0001:00023750       sf_debug_data_value_error  0000000180024750 f   sfc_debug:sfcdebug.obj
 0001:00024050       sf_debug_data_loss_error   0000000180025050 f   sfc_debug:sfcdebug.obj
 0001:00024f70       call_cv_range_check        0000000180025f70 f   sfc_debug:sfcdebug.obj
 0001:00025740       sf_debug_invoke_cycle_detection_code 0000000180026740 f   sfc_debug:sfcdebug.obj
 0001:00026820       sf_reset_debug_info_struct 0000000180027820 f   sfc_debug:sfcdebug.obj
 0001:00027110       cv_script_cvId             0000000180028110 f   sfc_debug:sfcdebug.obj
 0001:00027e60       sfc_api_chart_visible      0000000180028e60 f   sfc_debug:sfc_api.obj
 0001:00027ee0       sfc_api_active_instance    0000000180028ee0 f   sfc_debug:sfc_api.obj
 0001:00027f60       sfc_api_machine_load       0000000180028f60 f   sfc_debug:sfc_api.obj
 0001:00028030       sfc_api_debugger_alive     0000000180029030 f   sfc_debug:sfc_api.obj
 0001:00028040       sfc_api_go                 0000000180029040 f   sfc_debug:sfc_api.obj
 0001:00028050       sfc_api_step_over          0000000180029050 f   sfc_debug:sfc_api.obj
 0001:00028060       sfc_api_step_out           0000000180029060 f   sfc_debug:sfc_api.obj
 0001:00028070       sfc_api_resume             0000000180029070 f   sfc_debug:sfc_api.obj
 0001:00028080       sfc_api_break              0000000180029080 f   sfc_debug:sfc_api.obj
 0001:00028090       sfc_api_stop_debugging     0000000180029090 f   sfc_debug:sfc_api.obj
 0001:000280e0       sfc_api_is_cycle_detected  00000001800290e0 f   sfc_debug:sfc_api.obj
 0001:00028130       sfc_api_is_array_bounds_detected 0000000180029130 f   sfc_debug:sfc_api.obj
 0001:00028180       sfc_api_set_disable_all_breakpoints 0000000180029180 f   sfc_debug:sfc_api.obj
 0001:000281f0       sfc_api_disable_all_breakpoints_and_go 00000001800291f0 f   sfc_debug:sfc_api.obj
 0001:00028200       sfc_api_close              0000000180029200 f   sfc_debug:sfc_api.obj
 0001:00028210       sfc_api_browse_data        0000000180029210 f   sfc_debug:sfc_api.obj
 0001:00028280       sfc_api_watch_data         0000000180029280 f   sfc_debug:sfc_api.obj
 0001:00028320       sfc_api_extract_message_post_receive_info 0000000180029320 f   sfc_debug:sfc_api.obj
 0001:00028340       sfc_api_assign_data        0000000180029340 f   sfc_debug:sfc_api.obj
 0001:000283e0       sfc_api_whos               00000001800293e0 f   sfc_debug:sfc_api.obj
 0001:00028470       sfc_api_get_consistency_info 0000000180029470 f   sfc_debug:sfc_api.obj
 0001:00028480       sfc_api_browse_trace       0000000180029480 f   sfc_debug:sfc_api.obj
 0001:00028490       sfc_api_break_on_chart_entry 0000000180029490 f   sfc_debug:sfc_api.obj
 0001:000284b0       sfc_api_break_on_event_broadcast 00000001800294b0 f   sfc_debug:sfc_api.obj
 0001:000284d0       sfc_api_break_on_state_entry 00000001800294d0 f   sfc_debug:sfc_api.obj
 0001:000284f0       sfc_api_set_watch          00000001800294f0 f   sfc_debug:sfc_api.obj
 0001:00028590       sfc_api_set_breakpoints    0000000180029590 f   sfc_debug:sfc_api.obj
 0001:00028630       sfc_api_set_eml_breakpoints 0000000180029630 f   sfc_debug:sfc_api.obj
 0001:000286b0       sfc_api_set_script_breakpoints 00000001800296b0 f   sfc_debug:sfc_api.obj
 0001:00028700       sfc_api_add_script_breakpoints 0000000180029700 f   sfc_debug:sfc_api.obj
 0001:00028750       sfc_api_clear_script_breakpoints 0000000180029750 f   sfc_debug:sfc_api.obj
 0001:000287a0       sfc_api_query_script_breakpoints 00000001800297a0 f   sfc_debug:sfc_api.obj
 0001:00028800       sfc_api_get_script_id      0000000180029800 f   sfc_debug:sfc_api.obj
 0001:000288c0       sfc_api_get_active_states  00000001800298c0 f   sfc_debug:sfc_api.obj
 0001:00028940       sfc_api_break_between_times 0000000180029940 f   sfc_debug:sfc_api.obj
 0001:000289a0       sfc_api_get_instance_handle 00000001800299a0 f   sfc_debug:sfc_api.obj
 0001:00028a50       sfc_api_set_animation      0000000180029a50 f   sfc_debug:sfc_api.obj
 0001:00028aa0       sfc_api_select_chart       0000000180029aa0 f   sfc_debug:sfc_api.obj
 0001:00028b00       sfc_api_select_charts      0000000180029b00 f   sfc_debug:sfc_api.obj
 0001:00028b30       sfc_api_cycle_detection_check 0000000180029b30 f   sfc_debug:sfc_api.obj
 0001:00028b80       sfc_api_data_range_check   0000000180029b80 f   sfc_debug:sfc_api.obj
 0001:00028bd0       sfc_api_transition_conflict_check 0000000180029bd0 f   sfc_debug:sfc_api.obj
 0001:00028c20       sfc_api_state_consistency_check 0000000180029c20 f   sfc_debug:sfc_api.obj
 0001:00028c70       sfc_api_set_instance_cv_ids 0000000180029c70 f   sfc_debug:sfc_api.obj
 0001:00028d80       sfc_api_set_script_cv_ids  0000000180029d80 f   sfc_debug:sfc_api.obj
 0001:00028e30       sfc_api_get_current_machine_id 0000000180029e30 f   sfc_debug:sfc_api.obj
 0001:00028e60       sfc_api_get_current_machine_number 0000000180029e60 f   sfc_debug:sfc_api.obj
 0001:00028e90       sfc_api_get_current_chart_number 0000000180029e90 f   sfc_debug:sfc_api.obj
 0001:00028ec0       sfc_api_get_current_instance_number 0000000180029ec0 f   sfc_debug:sfc_api.obj
 0001:00028ef0       sfc_api_get_current_instance_handle 0000000180029ef0 f   sfc_debug:sfc_api.obj
 0001:00028f10       sfc_api_get_current_is_minor_time_step 0000000180029f10 f   sfc_debug:sfc_api.obj
 0001:00028f40       sfc_api_get_current_machine_name 0000000180029f40 f   sfc_debug:sfc_api.obj
 0001:00028f60       sfc_api_get_current_chart_id 0000000180029f60 f   sfc_debug:sfc_api.obj
 0001:00028f90       sfc_api_get_current_object_type 0000000180029f90 f   sfc_debug:sfc_api.obj
 0001:00028fc0       sfc_api_get_current_event_type 0000000180029fc0 f   sfc_debug:sfc_api.obj
 0001:00028ff0       sfc_api_get_current_object_id 0000000180029ff0 f   sfc_debug:sfc_api.obj
 0001:00029020       sfc_get_current_active_event_type 000000018002a020 f   sfc_debug:sfc_api.obj
 0001:00029050       sfc_api_get_current_active_event_id 000000018002a050 f   sfc_debug:sfc_api.obj
 0001:00029080       sfc_api_get_current_simulation_time 000000018002a080 f   sfc_debug:sfc_api.obj
 0001:000290a0       sfc_get_current_tag_type   000000018002a0a0 f   sfc_debug:sfc_api.obj
 0001:000290d0       sfc_get_current_coverage_percentage 000000018002a0d0 f   sfc_debug:sfc_api.obj
 0001:000290f0       sfc_get_current_statement_context 000000018002a0f0 f   sfc_debug:sfc_api.obj
 0001:00029110       sfc_get_current_optional_integer 000000018002a110 f   sfc_debug:sfc_api.obj
 0001:00029140       sfc_get_current_statement_info 000000018002a140 f   sfc_debug:sfc_api.obj
 0001:000291e0       sfc_api_get                000000018002a1e0 f   sfc_debug:sfc_api.obj
 0001:00029340       sf_debug_sm_is_using_unified_editors 000000018002a340 f   sfc_debug:sfdb_animation.obj
 0001:000293e0       sf_debug_sm_is_chart_visible_in_unified_editors 000000018002a3e0 f   sfc_debug:sfdb_animation.obj
 0001:000294a0       sf_debug_sm_check_if_chart_is_visible 000000018002a4a0 f   sfc_debug:sfdb_animation.obj
 0001:00029fa0       sf_debug_sm_fill_state_activity_data 000000018002afa0 f   sfc_debug:sfdb_animation.obj
 0001:0002c7d0       void_ptr_stack_vector_free_total 000000018002d7d0 f   sfc_debug:sfdb_data_browse.obj
 0001:0002c860       sf_debug_st_terminate_machine 000000018002d860 f   sfc_debug:sfdb_data_browse.obj
 0001:0002c8a0       sf_debug_st_terminate_instance 000000018002d8a0 f   sfc_debug:sfdb_data_browse.obj
 0001:0002cc50       push_on_to_void_ptr_stack  000000018002dc50 f   sfc_debug:sfdb_data_browse.obj
 0001:0002cde0       pop_from_void_ptr_stack    000000018002dde0 f   sfc_debug:sfdb_data_browse.obj
 0001:0002cf10       sf_debug_st_get_data_value 000000018002df10 f   sfc_debug:sfdb_data_browse.obj
 0001:0002d4a0       mx_value                   000000018002e4a0 f   sfc_debug:sfdb_data_browse.obj
 0001:0002d4e0       sf_debug_st_fill_data_struct 000000018002e4e0 f   sfc_debug:sfdb_data_browse.obj
 0001:0002d820       data_type_format_strings   000000018002e820 f   sfc_debug:sfdb_data_browse.obj
 0001:0002d8d0       sf_debug_st_fill_data      000000018002e8d0 f   sfc_debug:sfdb_data_browse.obj
 0001:0002e620       sf_debug_hm_get_simulink_handle 000000018002f620 f   sfc_debug:sfdb_handle_management.obj
 0001:0002f170       sf_debug_hm_initialize_globals 0000000180030170 f   sfc_debug:sfdb_handle_management.obj
 0001:0002f270       sf_debug_hm_get_machine_debug_flag 0000000180030270 f   sfc_debug:sfdb_handle_management.obj
 0001:0002f3e0       sf_debug_hm_get_machine_id 00000001800303e0 f   sfc_debug:sfdb_handle_management.obj
 0001:0002f500       sf_debug_hm_get_chart_id   0000000180030500 f   sfc_debug:sfdb_handle_management.obj
 0001:0002f6a0       sf_debug_hm_register_executing_SFunction 00000001800306a0 f   sfc_debug:sfdb_handle_management.obj
 0001:0002f840       sf_debug_hm_get_chart_active_instance 0000000180030840 f   sfc_debug:sfdb_handle_management.obj
 0001:0002f9b0       sf_debug_hm_get_chart_visibility 00000001800309b0 f   sfc_debug:sfdb_handle_management.obj
 0001:0002fb00       sf_debug_hm_form_object_boolean_properties 0000000180030b00 f   sfc_debug:sfdb_handle_management.obj
 0001:0002fdd0       sf_debug_hm_form_object_properties 0000000180030dd0 f   sfc_debug:sfdb_handle_management.obj
 0001:00030010       sf_debug_hm_terminate_charts 0000000180031010 f   sfc_debug:sfdb_handle_management.obj
 0001:00030780       sf_debug_hm_terminate_machines 0000000180031780 f   sfc_debug:sfdb_handle_management.obj
 0001:000323d0       sf_debug_ss_copy_dimension 00000001800333d0 f   sfc_debug:sfdb_symbol_scope.obj
 0001:00032490       sf_debug_ss_get_number_elements 0000000180033490 f   sfc_debug:sfdb_symbol_scope.obj
 0001:000324b0       sf_debug_ss_fill_data_struct 00000001800334b0 f   sfc_debug:sfdb_symbol_scope.obj
 0001:00032800       sf_debug_ss_reset_data_info 0000000180033800 f   sfc_debug:sfdb_symbol_scope.obj
 0001:00032860       sf_debug_fill_data_info_by_symbol_scope_entry 0000000180033860 f   sfc_debug:sfdb_symbol_scope.obj
 0001:00032920       sf_debug_fill_data_info_by_data_vector 0000000180033920 f   sfc_debug:sfdb_symbol_scope.obj
 0001:00032b70       sf_debug_ss_get_data_info  0000000180033b70 f   sfc_debug:sfdb_symbol_scope.obj
 0001:00032e60       sf_debug_select_mex_function 0000000180033e60 f   sfc_debug:sfdb_symbol_scope.obj
 0001:00032e90       sf_debug_is_dyn_matrix_initialized 0000000180033e90 f   sfc_debug:sfdb_symbol_scope.obj
 0001:00032eb0       sf_debug_ss_set_data_value_try 0000000180033eb0 f   sfc_debug:sfdb_symbol_scope.obj
 0001:00033080       sf_debug_ss_get_data_value 0000000180034080 f   sfc_debug:sfdb_symbol_scope.obj
 0001:000335d0       sf_debug_ss_data_bytes_string 00000001800345d0 f   sfc_debug:sfdb_symbol_scope.obj
 0001:00033680       sf_debug_ss_data_class_string 0000000180034680 f   sfc_debug:sfdb_symbol_scope.obj
 0001:00033a10       sf_debug_ss_data_size_string 0000000180034a10 f   sfc_debug:sfdb_symbol_scope.obj
 0001:00033af0       sf_debug_ss_data_create_data_info_struct 0000000180034af0 f   sfc_debug:sfdb_symbol_scope.obj
 0001:00033dc0       sf_debug_ss_data_create_name_value_pair 0000000180034dc0 f   sfc_debug:sfdb_symbol_scope.obj
 0001:00033e60       sf_debug_ss_data_get_whos_info 0000000180034e60 f   sfc_debug:sfdb_symbol_scope.obj
 0001:00033e70       same_named_data_in_data_array 0000000180034e70 f   sfc_debug:sfdb_symbol_scope.obj
 0001:000356e0       sf_debug_cc_terminate_chart 00000001800366e0 f   sfc_debug:sfdb_coverage.obj
 0001:00035a80       sf_debug_cc_terminate_instance 0000000180036a80 f   sfc_debug:sfdb_coverage.obj
 0001:00036670       sf_debug_cc_mark_object_if_needed 0000000180037670 f   sfc_debug:sfdb_coverage.obj
 0001:00036f70       sf_debug_bm_initialize_eml 0000000180037f70 f   sfc_debug:sfdb_breakpoints.obj
 0001:000380e0       sf_debug_bm_map_debug_tag_to_breakpoint_tag 00000001800390e0 f   sfc_debug:sfdb_breakpoints.obj
 0001:000381c0       sf_debug_bm_is_a_eml_breakpoint_impl 00000001800391c0 f   sfc_debug:sfdb_breakpoints.obj
 0001:00039c40       sf_debug_sc_push_on_error_stack 000000018003ac40 f   sfc_debug:sfdb_state_consistency.obj
 0001:00039d70       sf_debug_sc_reset_error_stack 000000018003ad70 f   sfc_debug:sfdb_state_consistency.obj
 0001:00039f00       sf_debug_sc_is_state_inconsistent 000000018003af00 f   sfc_debug:sfdb_state_consistency.obj
 0001:0003a200       sf_debug_sc_fill_consistency_info 000000018003b200 f   sfc_debug:sfdb_state_consistency.obj
 0001:0003a7e0       void_assertion_fcn         000000018003b7e0 f   sfc_debug:sfdb_call_stack.obj
 0001:0003ad60       sf_debug_tm_fill_local_trace 000000018003bd60 f   sfc_debug:sfdb_call_stack.obj
 0001:0003b330       sf_debug_cd_terminate_instance 000000018003c330 f   sfc_debug:sfdb_cycle_detection.obj
 0001:0003b390       sf_debug_cd_free_checksum_stack 000000018003c390 f   sfc_debug:sfdb_cycle_detection.obj
 0001:0003b3e0       sf_debug_cd_reset_pack_strings 000000018003c3e0 f   sfc_debug:sfdb_cycle_detection.obj
 0001:0003baa0       md5file_clear              000000018003caa0 f   sfc_debug:ckmd5.obj
 0001:0003bad0       Encode                     000000018003cad0 f   sfc_debug:ckmd5.obj
 0001:0003bb20       Decode                     000000018003cb20 f   sfc_debug:ckmd5.obj
 0001:0003bbc0       MD5Transform               000000018003cbc0 f   sfc_debug:ckmd5.obj
 0001:0003c410       md5file_addn               000000018003d410 f   sfc_debug:ckmd5.obj
 0001:0003c4e0       md5file_hash               000000018003d4e0 f   sfc_debug:ckmd5.obj
 0001:0003c9bc       pre_c_init                 000000018003d9bc f   MSVCRT:crtdll.obj
 0001:0003cc78       __DllMainCRTStartup        000000018003dc78 f   MSVCRT:crtdll.obj
 0001:0003d360       __DllMainCRTStartup$filt$0 000000018003e360 f   MSVCRT:crtdll.obj
 0001:0003d390       __DllMainCRTStartup$fin$1  000000018003e390 f   MSVCRT:crtdll.obj
 0001:0003d3a9       _onexit$fin$0              000000018003e3a9 f   MSVCRT:atonexit.obj
 0001:0003d3d0       _IsNonwritableInCurrentImage$filt$0 000000018003e3d0 f   MSVCRT:pesect.obj
